Archive member included because of file (symbol)

C:/Freescale/CW MCU v10.7/MCU/ARM_GCC_Support/ewl/lib/armv7e-m/fpu\libc.a(exit.o)
                              ./Project_Settings/Startup_Code/__arm_start.o (exit)
C:/Freescale/CW MCU v10.7/MCU/ARM_GCC_Support/ewl/lib/armv7e-m/fpu\libc.a(strchr.o)
                              ./Generated_Code/UTIL1.o (strchr)
C:/Freescale/CW MCU v10.7/MCU/ARM_GCC_Support/ewl/lib/armv7e-m/fpu\libc.a(memset.o)
                              ./Generated_Code/tasks.o (memset)
C:/Freescale/CW MCU v10.7/MCU/ARM_GCC_Support/ewl/lib/armv7e-m/fpu\libc.a(strncpy.o)
                              ./Generated_Code/tasks.o (strncpy)
C:/Freescale/CW MCU v10.7/MCU/ARM_GCC_Support/ewl/lib/armv7e-m/fpu\libc.a(strncmp.o)
                              ./Generated_Code/CommandInterpreter.o (strncmp)
C:/Freescale/CW MCU v10.7/MCU/ARM_GCC_Support/ewl/lib/armv7e-m/fpu\libc.a(__filll_mem.o)
                              C:/Freescale/CW MCU v10.7/MCU/ARM_GCC_Support/ewl/lib/armv7e-m/fpu\libc.a(memset.o) (__fill_mem)
C:/Freescale/CW MCU v10.7/MCU/ARM_GCC_Support/ewl/lib/armv7e-m/fpu\libc.a(memcpy.o)
                              ./Generated_Code/queue.o (memcpy)
C:/Freescale/CW MCU v10.7/MCU/ARM_GCC_Support/ewl/lib/armv7e-m/fpu\libc.a(strlen.o)
                              ./Generated_Code/UTIL1.o (strlen)
C:/Freescale/CW MCU v10.7/MCU/ARM_GCC_Support/ewl/lib/armv7e-m/fpu\libc.a(printformat_.o)
                              (__pformatter_)
C:/Freescale/CW MCU v10.7/MCU/ARM_GCC_Support/ewl/lib/armv7e-m/fpu\libc.a(scanformat_.o)
                              (__sformatter)
C:/Freescale/CW MCU v10.7/MCU/ARM_GCC_Support/ewl/lib/armv7e-m/fpu\libc.a(ctype_aeabi.o)
                              C:/Freescale/CW MCU v10.7/MCU/ARM_GCC_Support/ewl/lib/armv7e-m/fpu\libc.a(scanformat_.o) (isspace)
C:/Freescale/CW MCU v10.7/MCU/ARM_GCC_Support/ewl/lib/armv7e-m/fpu\libc.a(__strtoul.o)
                              C:/Freescale/CW MCU v10.7/MCU/ARM_GCC_Support/ewl/lib/armv7e-m/fpu\libc.a(scanformat_.o) (__strtoul)
C:/Freescale/CW MCU v10.7/MCU/ARM_GCC_Support/ewl/lib/armv7e-m/fpu\libc.a(memchr.o)
                              C:/Freescale/CW MCU v10.7/MCU/ARM_GCC_Support/ewl/lib/armv7e-m/fpu\libc.a(printformat_.o) (memchr)
C:/Freescale/CW MCU v10.7/MCU/ARM_GCC_Support/ewl/lib/armv7e-m/fpu\librt.a(gcc_ctor_dtor.o)
                              ./Project_Settings/Startup_Code/__arm_start.o (__init_cpp)
C:/Freescale/CW MCU v10.7/MCU/ARM_GCC_Support/ewl/lib/armv7e-m/fpu\librt.a(__arm_eabi_init.o)
                              C:/Freescale/CW MCU v10.7/MCU/ARM_GCC_Support/ewl/lib/armv7e-m/fpu\libc.a(exit.o) (__destroy_global_chain)
C:/Freescale/CW MCU v10.7/MCU/ARM_GCC_Support/ewl/lib/armv7e-m/fpu\librt.a(ROMCopy.o)
                              ./Project_Settings/Startup_Code/__arm_start.o (__copy_rom_sections_to_ram)

Allocating common symbols
Common symbol       size              file

vTaskAPointer       0x4               ./Sources/main.o
SR_reg              0x1               ./Static_Code/System/CPU_Init.o

Discarded input sections

 .text          0x00000000        0x0 ./Generated_Code/timers.o
 .data          0x00000000        0x0 ./Generated_Code/timers.o
 .bss           0x00000000        0x0 ./Generated_Code/timers.o
 .debug_info    0x00000000       0x53 ./Generated_Code/timers.o
 .debug_abbrev  0x00000000       0x28 ./Generated_Code/timers.o
 .debug_aranges
                0x00000000       0x18 ./Generated_Code/timers.o
 .debug_macinfo
                0x00000000     0x61cf ./Generated_Code/timers.o
 .debug_line    0x00000000      0x21e ./Generated_Code/timers.o
 .debug_str     0x00000000       0xed ./Generated_Code/timers.o
 .comment       0x00000000       0x7a ./Generated_Code/timers.o
 .ARM.attributes
                0x00000000       0x3b ./Generated_Code/timers.o
 .text          0x00000000        0x0 ./Generated_Code/tasks.o
 .data          0x00000000        0x0 ./Generated_Code/tasks.o
 .bss           0x00000000        0x0 ./Generated_Code/tasks.o
 .text.vTaskDelayUntil
                0x00000000       0xd0 ./Generated_Code/tasks.o
 .text.vTaskDelay
                0x00000000       0x5c ./Generated_Code/tasks.o
 .text.uxTaskPriorityGet
                0x00000000       0x38 ./Generated_Code/tasks.o
 .text.vTaskPrioritySet
                0x00000000      0x138 ./Generated_Code/tasks.o
 .text.vTaskSuspend
                0x00000000       0xc0 ./Generated_Code/tasks.o
 .text.xTaskIsTaskSuspended
                0x00000000       0x60 ./Generated_Code/tasks.o
 .text.vTaskResume
                0x00000000       0xbc ./Generated_Code/tasks.o
 .text.xTaskResumeFromISR
                0x00000000       0xe4 ./Generated_Code/tasks.o
 .text.xTaskGetTickCount
                0x00000000       0x28 ./Generated_Code/tasks.o
 .text.xTaskGetTickCountFromISR
                0x00000000       0x38 ./Generated_Code/tasks.o
 .text.uxTaskGetNumberOfTasks
                0x00000000       0x18 ./Generated_Code/tasks.o
 .text.vTaskPlaceOnEventList
                0x00000000       0x88 ./Generated_Code/tasks.o
 .text.xTaskRemoveFromEventList
                0x00000000       0xd4 ./Generated_Code/tasks.o
 .text.vTaskSetTimeOutState
                0x00000000       0x40 ./Generated_Code/tasks.o
 .text.xTaskCheckForTimeOut
                0x00000000       0xc4 ./Generated_Code/tasks.o
 .text.vTaskMissedYield
                0x00000000       0x18 ./Generated_Code/tasks.o
 .text.prvAddCurrentTaskToDelayedList
                0x00000000       0x8c ./Generated_Code/tasks.o
 .text.usTaskCheckFreeStackSpace
                0x00000000       0x38 ./Generated_Code/tasks.o
 .text.uxTaskGetStackHighWaterMark
                0x00000000       0x3c ./Generated_Code/tasks.o
 .text.xTaskGetCurrentTaskHandle
                0x00000000       0x20 ./Generated_Code/tasks.o
 .text.xTaskGetSchedulerState
                0x00000000       0x48 ./Generated_Code/tasks.o
 .text.vTaskPriorityInherit
                0x00000000       0xe4 ./Generated_Code/tasks.o
 .text.vTaskPriorityDisinherit
                0x00000000       0x90 ./Generated_Code/tasks.o
 .text          0x00000000        0x0 ./Generated_Code/queue.o
 .data          0x00000000        0x0 ./Generated_Code/queue.o
 .bss           0x00000000        0x0 ./Generated_Code/queue.o
 .text.xQueueGenericReset
                0x00000000       0xc0 ./Generated_Code/queue.o
 .text.xQueueGenericCreate
                0x00000000       0x8c ./Generated_Code/queue.o
 .text.xQueueCreateMutex
                0x00000000       0xa8 ./Generated_Code/queue.o
 .text.xQueueGetMutexHolder
                0x00000000       0x34 ./Generated_Code/queue.o
 .text.xQueueGiveMutexRecursive
                0x00000000       0x68 ./Generated_Code/queue.o
 .text.xQueueTakeMutexRecursive
                0x00000000       0x6c ./Generated_Code/queue.o
 .text.xQueueCreateCountingSemaphore
                0x00000000       0x44 ./Generated_Code/queue.o
 .text.xQueueGenericSend
                0x00000000      0x154 ./Generated_Code/queue.o
 .text.xQueueGenericSendFromISR
                0x00000000       0xcc ./Generated_Code/queue.o
 .text.xQueueGenericReceive
                0x00000000      0x1bc ./Generated_Code/queue.o
 .text.xQueueReceiveFromISR
                0x00000000       0xd0 ./Generated_Code/queue.o
 .text.uxQueueMessagesWaiting
                0x00000000       0x34 ./Generated_Code/queue.o
 .text.uxQueueMessagesWaitingFromISR
                0x00000000       0x2c ./Generated_Code/queue.o
 .text.vQueueDelete
                0x00000000       0x30 ./Generated_Code/queue.o
 .text.prvCopyDataToQueue
                0x00000000       0xc4 ./Generated_Code/queue.o
 .text.prvCopyDataFromQueue
                0x00000000       0x50 ./Generated_Code/queue.o
 .text.prvUnlockQueue
                0x00000000       0xa0 ./Generated_Code/queue.o
 .text.prvIsQueueEmpty
                0x00000000       0x2c ./Generated_Code/queue.o
 .text.xQueueIsQueueEmptyFromISR
                0x00000000       0x38 ./Generated_Code/queue.o
 .text.prvIsQueueFull
                0x00000000       0x30 ./Generated_Code/queue.o
 .text.xQueueIsQueueFullFromISR
                0x00000000       0x3c ./Generated_Code/queue.o
 .debug_info    0x00000000      0x8d6 ./Generated_Code/queue.o
 .debug_abbrev  0x00000000      0x107 ./Generated_Code/queue.o
 .debug_loc     0x00000000      0x498 ./Generated_Code/queue.o
 .debug_aranges
                0x00000000       0xc0 ./Generated_Code/queue.o
 .debug_macinfo
                0x00000000     0x623f ./Generated_Code/queue.o
 .debug_line    0x00000000      0x56a ./Generated_Code/queue.o
 .debug_str     0x00000000      0x5bd ./Generated_Code/queue.o
 .comment       0x00000000       0x7a ./Generated_Code/queue.o
 .ARM.attributes
                0x00000000       0x3b ./Generated_Code/queue.o
 .debug_frame   0x00000000      0x2a4 ./Generated_Code/queue.o
 .text          0x00000000        0x0 ./Generated_Code/portasm.o
 .data          0x00000000        0x0 ./Generated_Code/portasm.o
 .bss           0x00000000        0x0 ./Generated_Code/portasm.o
 .ARM.attributes
                0x00000000       0x27 ./Generated_Code/portasm.o
 .text          0x00000000        0x0 ./Generated_Code/port.o
 .data          0x00000000        0x0 ./Generated_Code/port.o
 .bss           0x00000000        0x0 ./Generated_Code/port.o
 .text.uxGetTickCounterValue
                0x00000000       0x1c ./Generated_Code/port.o
 .text          0x00000000        0x0 ./Generated_Code/list.o
 .data          0x00000000        0x0 ./Generated_Code/list.o
 .bss           0x00000000        0x0 ./Generated_Code/list.o
 .text.vListInsert
                0x00000000       0x74 ./Generated_Code/list.o
 .text          0x00000000        0x0 ./Generated_Code/heap.o
 .data          0x00000000        0x0 ./Generated_Code/heap.o
 .bss           0x00000000        0x0 ./Generated_Code/heap.o
 .text.xPortGetFreeHeapSize
                0x00000000       0x18 ./Generated_Code/heap.o
 .text.vPortInitialiseBlocks
                0x00000000        0xc ./Generated_Code/heap.o
 .text          0x00000000        0x0 ./Generated_Code/croutine.o
 .data          0x00000000        0x0 ./Generated_Code/croutine.o
 .bss           0x00000000        0x0 ./Generated_Code/croutine.o
 .bss.pxReadyCoRoutineLists
                0x00000000       0x28 ./Generated_Code/croutine.o
 .bss.xDelayedCoRoutineList1
                0x00000000       0x14 ./Generated_Code/croutine.o
 .bss.xDelayedCoRoutineList2
                0x00000000       0x14 ./Generated_Code/croutine.o
 .bss.pxDelayedCoRoutineList
                0x00000000        0x4 ./Generated_Code/croutine.o
 .bss.pxOverflowDelayedCoRoutineList
                0x00000000        0x4 ./Generated_Code/croutine.o
 .bss.xPendingReadyCoRoutineList
                0x00000000       0x14 ./Generated_Code/croutine.o
 .bss.pxCurrentCoRoutine
                0x00000000        0x4 ./Generated_Code/croutine.o
 .bss.uxTopCoRoutineReadyPriority
                0x00000000        0x4 ./Generated_Code/croutine.o
 .bss.xCoRoutineTickCount
                0x00000000        0x4 ./Generated_Code/croutine.o
 .bss.xLastTickCount
                0x00000000        0x4 ./Generated_Code/croutine.o
 .bss.xPassedTicks
                0x00000000        0x4 ./Generated_Code/croutine.o
 .text.xCoRoutineCreate
                0x00000000       0xf0 ./Generated_Code/croutine.o
 .text.vCoRoutineAddToDelayedList
                0x00000000       0xb4 ./Generated_Code/croutine.o
 .text.prvCheckPendingReadyList
                0x00000000       0x9c ./Generated_Code/croutine.o
 .text.prvCheckDelayedList
                0x00000000      0x170 ./Generated_Code/croutine.o
 .text.vCoRoutineSchedule
                0x00000000       0xe8 ./Generated_Code/croutine.o
 .text.prvInitialiseCoRoutineLists
                0x00000000       0x8c ./Generated_Code/croutine.o
 .text.xCoRoutineRemoveFromEventList
                0x00000000       0x60 ./Generated_Code/croutine.o
 .debug_info    0x00000000      0x4a7 ./Generated_Code/croutine.o
 .debug_abbrev  0x00000000      0x173 ./Generated_Code/croutine.o
 .debug_loc     0x00000000      0x188 ./Generated_Code/croutine.o
 .debug_aranges
                0x00000000       0x50 ./Generated_Code/croutine.o
 .debug_macinfo
                0x00000000     0x5a72 ./Generated_Code/croutine.o
 .debug_line    0x00000000      0x30f ./Generated_Code/croutine.o
 .debug_str     0x00000000      0x42d ./Generated_Code/croutine.o
 .comment       0x00000000       0x7a ./Generated_Code/croutine.o
 .ARM.attributes
                0x00000000       0x3b ./Generated_Code/croutine.o
 .debug_frame   0x00000000       0xf0 ./Generated_Code/croutine.o
 .text          0x00000000        0x0 ./Generated_Code/UTIL1.o
 .data          0x00000000        0x0 ./Generated_Code/UTIL1.o
 .bss           0x00000000        0x0 ./Generated_Code/UTIL1.o
 .text.UTIL1_strcpy
                0x00000000       0x58 ./Generated_Code/UTIL1.o
 .text.UTIL1_strcat
                0x00000000       0x78 ./Generated_Code/UTIL1.o
 .text.UTIL1_chcat
                0x00000000       0x5c ./Generated_Code/UTIL1.o
 .text.UTIL1_Num8uToStr
                0x00000000       0x24 ./Generated_Code/UTIL1.o
 .text.UTIL1_Num8sToStr
                0x00000000       0x28 ./Generated_Code/UTIL1.o
 .text.UTIL1_Num16uToStr
                0x00000000      0x114 ./Generated_Code/UTIL1.o
 .text.UTIL1_Num16sToStr
                0x00000000      0x16c ./Generated_Code/UTIL1.o
 .text.ShiftRightAndFill
                0x00000000       0xa0 ./Generated_Code/UTIL1.o
 .text.UTIL1_Num16sToStrFormatted
                0x00000000       0x34 ./Generated_Code/UTIL1.o
 .text.UTIL1_Num16uToStrFormatted
                0x00000000       0x30 ./Generated_Code/UTIL1.o
 .text.UTIL1_Num32uToStrFormatted
                0x00000000       0x30 ./Generated_Code/UTIL1.o
 .text.UTIL1_Num32sToStrFormatted
                0x00000000       0x30 ./Generated_Code/UTIL1.o
 .text.UTIL1_strcatNum8u
                0x00000000       0x38 ./Generated_Code/UTIL1.o
 .text.UTIL1_strcatNum8s
                0x00000000       0x38 ./Generated_Code/UTIL1.o
 .text.UTIL1_strcatNum16u
                0x00000000       0x38 ./Generated_Code/UTIL1.o
 .text.UTIL1_strcatNum16s
                0x00000000       0x38 ./Generated_Code/UTIL1.o
 .text.UTIL1_strcatNum16uFormatted
                0x00000000       0x3c ./Generated_Code/UTIL1.o
 .text.UTIL1_strcatNum16sFormatted
                0x00000000       0x3c ./Generated_Code/UTIL1.o
 .text.UTIL1_strcatNum32uFormatted
                0x00000000       0x3c ./Generated_Code/UTIL1.o
 .text.UTIL1_strcatNum32sFormatted
                0x00000000       0x3c ./Generated_Code/UTIL1.o
 .text.UTIL1_strcatNum8Hex
                0x00000000       0x6c ./Generated_Code/UTIL1.o
 .text.UTIL1_strcatNum16Hex
                0x00000000       0x78 ./Generated_Code/UTIL1.o
 .text.UTIL1_strcatNum24Hex
                0x00000000       0x74 ./Generated_Code/UTIL1.o
 .text.UTIL1_strcatNum32Hex
                0x00000000       0x74 ./Generated_Code/UTIL1.o
 .text.UTIL1_strcatNum32s
                0x00000000       0x34 ./Generated_Code/UTIL1.o
 .text.UTIL1_strcatNum32u
                0x00000000       0x34 ./Generated_Code/UTIL1.o
 .text.UTIL1_Num32sToStr
                0x00000000      0x15c ./Generated_Code/UTIL1.o
 .text.UTIL1_Num32uToStr
                0x00000000      0x110 ./Generated_Code/UTIL1.o
 .text.UTIL1_IsLeapYear
                0x00000000       0x74 ./Generated_Code/UTIL1.o
 .text.UTIL1_WeekDay
                0x00000000       0xec ./Generated_Code/UTIL1.o
 .rodata        0x00000000        0x4 ./Generated_Code/UTIL1.o
 .text.UTIL1_ReadEscapedName
                0x00000000      0x16c ./Generated_Code/UTIL1.o
 .text.UTIL1_xatoi
                0x00000000      0x194 ./Generated_Code/UTIL1.o
 .text.UTIL1_ScanDate
                0x00000000      0x108 ./Generated_Code/UTIL1.o
 .text.UTIL1_ScanTime
                0x00000000      0x180 ./Generated_Code/UTIL1.o
 .text.UTIL1_ScanDecimal16uNumber
                0x00000000       0xa0 ./Generated_Code/UTIL1.o
 .text.UTIL1_ScanDecimal8uNumber
                0x00000000       0xa0 ./Generated_Code/UTIL1.o
 .text.UTIL1_ScanDecimal32uNumber
                0x00000000       0x9c ./Generated_Code/UTIL1.o
 .text.PreScanHexNumber
                0x00000000       0x64 ./Generated_Code/UTIL1.o
 .text.HexToDec
                0x00000000       0xa0 ./Generated_Code/UTIL1.o
 .text.UTIL1_ScanHex32uNumber
                0x00000000       0x8c ./Generated_Code/UTIL1.o
 .text.UTIL1_ScanHex16uNumber
                0x00000000       0x90 ./Generated_Code/UTIL1.o
 .text.UTIL1_ScanHex8uNumber
                0x00000000       0x90 ./Generated_Code/UTIL1.o
 .text.UTIL1_strtailcmp
                0x00000000       0x6c ./Generated_Code/UTIL1.o
 .text.UTIL1_strCutTail
                0x00000000       0x4c ./Generated_Code/UTIL1.o
 .rodata.skew.6891
                0x00000000        0xc ./Generated_Code/UTIL1.o
 .debug_info    0x00000000     0x12d6 ./Generated_Code/UTIL1.o
 .debug_abbrev  0x00000000      0x13b ./Generated_Code/UTIL1.o
 .debug_loc     0x00000000      0x9a0 ./Generated_Code/UTIL1.o
 .debug_aranges
                0x00000000      0x178 ./Generated_Code/UTIL1.o
 .debug_macinfo
                0x00000000    0x7215d ./Generated_Code/UTIL1.o
 .debug_line    0x00000000      0x8c0 ./Generated_Code/UTIL1.o
 .debug_str     0x00000000      0x5a4 ./Generated_Code/UTIL1.o
 .comment       0x00000000       0x7a ./Generated_Code/UTIL1.o
 .ARM.attributes
                0x00000000       0x3b ./Generated_Code/UTIL1.o
 .debug_frame   0x00000000      0x554 ./Generated_Code/UTIL1.o
 .text          0x00000000        0x0 ./Generated_Code/RTOSTICKLDD1.o
 .data          0x00000000        0x0 ./Generated_Code/RTOSTICKLDD1.o
 .bss           0x00000000        0x0 ./Generated_Code/RTOSTICKLDD1.o
 .text.RTOSTICKLDD1_Deinit
                0x00000000       0x40 ./Generated_Code/RTOSTICKLDD1.o
 .text.RTOSTICKLDD1_Disable
                0x00000000       0x30 ./Generated_Code/RTOSTICKLDD1.o
 .text.RTOSTICKLDD1_GetCounterValue
                0x00000000       0x20 ./Generated_Code/RTOSTICKLDD1.o
 .text          0x00000000        0x0 ./Generated_Code/Pins1.o
 .data          0x00000000        0x0 ./Generated_Code/Pins1.o
 .bss           0x00000000        0x0 ./Generated_Code/Pins1.o
 .debug_info    0x00000000       0x76 ./Generated_Code/Pins1.o
 .debug_abbrev  0x00000000       0x28 ./Generated_Code/Pins1.o
 .debug_aranges
                0x00000000       0x18 ./Generated_Code/Pins1.o
 .debug_macinfo
                0x00000000    0x71782 ./Generated_Code/Pins1.o
 .debug_line    0x00000000      0x204 ./Generated_Code/Pins1.o
 .debug_str     0x00000000      0x127 ./Generated_Code/Pins1.o
 .comment       0x00000000       0x7a ./Generated_Code/Pins1.o
 .ARM.attributes
                0x00000000       0x3b ./Generated_Code/Pins1.o
 .text          0x00000000        0x0 ./Generated_Code/PE_LDD.o
 .data          0x00000000        0x0 ./Generated_Code/PE_LDD.o
 .bss           0x00000000        0x0 ./Generated_Code/PE_LDD.o
 .rodata.PE_CpuClockConfigurations
                0x00000000       0x28 ./Generated_Code/PE_LDD.o
 .text.PE_FillMemory
                0x00000000       0x30 ./Generated_Code/PE_LDD.o
 .text.PE_PeripheralUsed
                0x00000000       0x34 ./Generated_Code/PE_LDD.o
 .text.LDD_SetClockConfiguration
                0x00000000       0x14 ./Generated_Code/PE_LDD.o
 .text          0x00000000        0x0 ./Generated_Code/FRTOS1.o
 .data          0x00000000        0x0 ./Generated_Code/FRTOS1.o
 .bss           0x00000000        0x0 ./Generated_Code/FRTOS1.o
 .text          0x00000000        0x0 ./Generated_Code/Cpu.o
 .data          0x00000000        0x0 ./Generated_Code/Cpu.o
 .bss           0x00000000        0x0 ./Generated_Code/Cpu.o
 .text          0x00000000        0x0 ./Generated_Code/CommandInterpreter.o
 .data          0x00000000        0x0 ./Generated_Code/CommandInterpreter.o
 .bss           0x00000000        0x0 ./Generated_Code/CommandInterpreter.o
 .rodata        0x00000000       0xdc ./Generated_Code/CommandInterpreter.o
 .rodata.xHelpCommand
                0x00000000       0x10 ./Generated_Code/CommandInterpreter.o
 .data.xRegisteredCommands
                0x00000000        0x8 ./Generated_Code/CommandInterpreter.o
 .bss.cOutputBuffer
                0x00000000       0x20 ./Generated_Code/CommandInterpreter.o
 .text.xCmdIntRegisterCommand
                0x00000000       0x80 ./Generated_Code/CommandInterpreter.o
 .text.xCmdIntProcessCommand
                0x00000000      0x150 ./Generated_Code/CommandInterpreter.o
 .text.pcCmdIntGetOutputBuffer
                0x00000000       0x14 ./Generated_Code/CommandInterpreter.o
 .text.uxCmdIntGetOutputBufferSizeBytes
                0x00000000       0x10 ./Generated_Code/CommandInterpreter.o
 .text.pcCmdIntGetParameter
                0x00000000       0xc4 ./Generated_Code/CommandInterpreter.o
 .text.prvHelpCommand
                0x00000000       0x84 ./Generated_Code/CommandInterpreter.o
 .text.prvGetNumberOfParameters
                0x00000000       0x5c ./Generated_Code/CommandInterpreter.o
 .bss.pxCommand.4446
                0x00000000        0x4 ./Generated_Code/CommandInterpreter.o
 .bss.pxCommand.4410
                0x00000000        0x4 ./Generated_Code/CommandInterpreter.o
 .data.pxLastCommandInList.4400
                0x00000000        0x4 ./Generated_Code/CommandInterpreter.o
 .debug_info    0x00000000      0x3b3 ./Generated_Code/CommandInterpreter.o
 .debug_abbrev  0x00000000      0x10a ./Generated_Code/CommandInterpreter.o
 .debug_loc     0x00000000      0x170 ./Generated_Code/CommandInterpreter.o
 .debug_aranges
                0x00000000       0x50 ./Generated_Code/CommandInterpreter.o
 .debug_macinfo
                0x00000000     0x53c3 ./Generated_Code/CommandInterpreter.o
 .debug_line    0x00000000      0x33d ./Generated_Code/CommandInterpreter.o
 .debug_str     0x00000000      0x3ac ./Generated_Code/CommandInterpreter.o
 .comment       0x00000000       0x7a ./Generated_Code/CommandInterpreter.o
 .ARM.attributes
                0x00000000       0x3b ./Generated_Code/CommandInterpreter.o
 .debug_frame   0x00000000       0xd8 ./Generated_Code/CommandInterpreter.o
 .text          0x00000000        0x0 ./Project_Settings/Startup_Code/__arm_start.o
 .data          0x00000000        0x0 ./Project_Settings/Startup_Code/__arm_start.o
 .bss           0x00000000        0x0 ./Project_Settings/Startup_Code/__arm_start.o
 .text.__iar_program_start
                0x00000000        0x4 ./Project_Settings/Startup_Code/__arm_start.o
 .text          0x00000000        0x0 ./Project_Settings/Startup_Code/__arm_end.o
 .data          0x00000000        0x0 ./Project_Settings/Startup_Code/__arm_end.o
 .bss           0x00000000        0x0 ./Project_Settings/Startup_Code/__arm_end.o
 .text          0x00000000        0x0 ./Sources/main.o
 .data          0x00000000        0x0 ./Sources/main.o
 .bss           0x00000000        0x0 ./Sources/main.o
 .text          0x00000000        0x0 ./Sources/Events.o
 .data          0x00000000        0x0 ./Sources/Events.o
 .bss           0x00000000        0x0 ./Sources/Events.o
 .text          0x00000000        0x0 ./Static_Code/System/Vectors.o
 .data          0x00000000        0x0 ./Static_Code/System/Vectors.o
 .bss           0x00000000        0x0 ./Static_Code/System/Vectors.o
 .text.Unhandled_ivINT_NMI
                0x00000000       0x18 ./Static_Code/System/Vectors.o
 .text.Unhandled_ivINT_Hard_Fault
                0x00000000       0x18 ./Static_Code/System/Vectors.o
 .text.Unhandled_ivINT_Mem_Manage_Fault
                0x00000000       0x18 ./Static_Code/System/Vectors.o
 .text.Unhandled_ivINT_Bus_Fault
                0x00000000       0x18 ./Static_Code/System/Vectors.o
 .text.Unhandled_ivINT_Usage_Fault
                0x00000000       0x18 ./Static_Code/System/Vectors.o
 .text.Unhandled_ivINT_Reserved7
                0x00000000       0x18 ./Static_Code/System/Vectors.o
 .text.Unhandled_ivINT_Reserved8
                0x00000000       0x18 ./Static_Code/System/Vectors.o
 .text.Unhandled_ivINT_Reserved9
                0x00000000       0x18 ./Static_Code/System/Vectors.o
 .text.Unhandled_ivINT_Reserved10
                0x00000000       0x18 ./Static_Code/System/Vectors.o
 .text.Unhandled_ivINT_SVCall
                0x00000000       0x18 ./Static_Code/System/Vectors.o
 .text.Unhandled_ivINT_DebugMonitor
                0x00000000       0x18 ./Static_Code/System/Vectors.o
 .text.Unhandled_ivINT_Reserved13
                0x00000000       0x18 ./Static_Code/System/Vectors.o
 .text.Unhandled_ivINT_PendableSrvReq
                0x00000000       0x18 ./Static_Code/System/Vectors.o
 .text.Unhandled_ivINT_SysTick
                0x00000000       0x18 ./Static_Code/System/Vectors.o
 .text.Unhandled_ivINT_DMA0
                0x00000000       0x18 ./Static_Code/System/Vectors.o
 .text.Unhandled_ivINT_DMA1
                0x00000000       0x18 ./Static_Code/System/Vectors.o
 .text.Unhandled_ivINT_DMA2
                0x00000000       0x18 ./Static_Code/System/Vectors.o
 .text.Unhandled_ivINT_DMA3
                0x00000000       0x18 ./Static_Code/System/Vectors.o
 .text.Unhandled_ivINT_DMA4
                0x00000000       0x18 ./Static_Code/System/Vectors.o
 .text.Unhandled_ivINT_DMA5
                0x00000000       0x18 ./Static_Code/System/Vectors.o
 .text.Unhandled_ivINT_DMA6
                0x00000000       0x18 ./Static_Code/System/Vectors.o
 .text.Unhandled_ivINT_DMA7
                0x00000000       0x18 ./Static_Code/System/Vectors.o
 .text.Unhandled_ivINT_DMA8
                0x00000000       0x18 ./Static_Code/System/Vectors.o
 .text.Unhandled_ivINT_DMA9
                0x00000000       0x18 ./Static_Code/System/Vectors.o
 .text.Unhandled_ivINT_DMA10
                0x00000000       0x18 ./Static_Code/System/Vectors.o
 .text.Unhandled_ivINT_DMA11
                0x00000000       0x18 ./Static_Code/System/Vectors.o
 .text.Unhandled_ivINT_DMA12
                0x00000000       0x18 ./Static_Code/System/Vectors.o
 .text.Unhandled_ivINT_DMA13
                0x00000000       0x18 ./Static_Code/System/Vectors.o
 .text.Unhandled_ivINT_DMA14
                0x00000000       0x18 ./Static_Code/System/Vectors.o
 .text.Unhandled_ivINT_DMA15
                0x00000000       0x18 ./Static_Code/System/Vectors.o
 .text.Unhandled_ivINT_DMA_Error
                0x00000000       0x18 ./Static_Code/System/Vectors.o
 .text.Unhandled_ivINT_MCM
                0x00000000       0x18 ./Static_Code/System/Vectors.o
 .text.Unhandled_ivINT_FTFE
                0x00000000       0x18 ./Static_Code/System/Vectors.o
 .text.Unhandled_ivINT_Read_Collision
                0x00000000       0x18 ./Static_Code/System/Vectors.o
 .text.Unhandled_ivINT_LVD_LVW
                0x00000000       0x18 ./Static_Code/System/Vectors.o
 .text.Unhandled_ivINT_LLW
                0x00000000       0x18 ./Static_Code/System/Vectors.o
 .text.Unhandled_ivINT_Watchdog
                0x00000000       0x18 ./Static_Code/System/Vectors.o
 .text.Unhandled_ivINT_RNG
                0x00000000       0x18 ./Static_Code/System/Vectors.o
 .text.Unhandled_ivINT_I2C0
                0x00000000       0x18 ./Static_Code/System/Vectors.o
 .text.Unhandled_ivINT_I2C1
                0x00000000       0x18 ./Static_Code/System/Vectors.o
 .text.Unhandled_ivINT_SPI0
                0x00000000       0x18 ./Static_Code/System/Vectors.o
 .text.Unhandled_ivINT_SPI1
                0x00000000       0x18 ./Static_Code/System/Vectors.o
 .text.Unhandled_ivINT_I2S0_Tx
                0x00000000       0x18 ./Static_Code/System/Vectors.o
 .text.Unhandled_ivINT_I2S0_Rx
                0x00000000       0x18 ./Static_Code/System/Vectors.o
 .text.Unhandled_ivINT_UART0_LON
                0x00000000       0x18 ./Static_Code/System/Vectors.o
 .text.Unhandled_ivINT_UART0_RX_TX
                0x00000000       0x18 ./Static_Code/System/Vectors.o
 .text.Unhandled_ivINT_UART0_ERR
                0x00000000       0x18 ./Static_Code/System/Vectors.o
 .text.Unhandled_ivINT_UART1_RX_TX
                0x00000000       0x18 ./Static_Code/System/Vectors.o
 .text.Unhandled_ivINT_UART1_ERR
                0x00000000       0x18 ./Static_Code/System/Vectors.o
 .text.Unhandled_ivINT_UART2_RX_TX
                0x00000000       0x18 ./Static_Code/System/Vectors.o
 .text.Unhandled_ivINT_UART2_ERR
                0x00000000       0x18 ./Static_Code/System/Vectors.o
 .text.Unhandled_ivINT_UART3_RX_TX
                0x00000000       0x18 ./Static_Code/System/Vectors.o
 .text.Unhandled_ivINT_UART3_ERR
                0x00000000       0x18 ./Static_Code/System/Vectors.o
 .text.Unhandled_ivINT_ADC0
                0x00000000       0x18 ./Static_Code/System/Vectors.o
 .text.Unhandled_ivINT_CMP0
                0x00000000       0x18 ./Static_Code/System/Vectors.o
 .text.Unhandled_ivINT_CMP1
                0x00000000       0x18 ./Static_Code/System/Vectors.o
 .text.Unhandled_ivINT_FTM0
                0x00000000       0x18 ./Static_Code/System/Vectors.o
 .text.Unhandled_ivINT_FTM1
                0x00000000       0x18 ./Static_Code/System/Vectors.o
 .text.Unhandled_ivINT_FTM2
                0x00000000       0x18 ./Static_Code/System/Vectors.o
 .text.Unhandled_ivINT_CMT
                0x00000000       0x18 ./Static_Code/System/Vectors.o
 .text.Unhandled_ivINT_RTC
                0x00000000       0x18 ./Static_Code/System/Vectors.o
 .text.Unhandled_ivINT_RTC_Seconds
                0x00000000       0x18 ./Static_Code/System/Vectors.o
 .text.Unhandled_ivINT_PIT0
                0x00000000       0x18 ./Static_Code/System/Vectors.o
 .text.Unhandled_ivINT_PIT1
                0x00000000       0x18 ./Static_Code/System/Vectors.o
 .text.Unhandled_ivINT_PIT2
                0x00000000       0x18 ./Static_Code/System/Vectors.o
 .text.Unhandled_ivINT_PIT3
                0x00000000       0x18 ./Static_Code/System/Vectors.o
 .text.Unhandled_ivINT_PDB0
                0x00000000       0x18 ./Static_Code/System/Vectors.o
 .text.Unhandled_ivINT_USB0
                0x00000000       0x18 ./Static_Code/System/Vectors.o
 .text.Unhandled_ivINT_USBDCD
                0x00000000       0x18 ./Static_Code/System/Vectors.o
 .text.Unhandled_ivINT_Reserved71
                0x00000000       0x18 ./Static_Code/System/Vectors.o
 .text.Unhandled_ivINT_DAC0
                0x00000000       0x18 ./Static_Code/System/Vectors.o
 .text.Unhandled_ivINT_MCG
                0x00000000       0x18 ./Static_Code/System/Vectors.o
 .text.Unhandled_ivINT_LPTimer
                0x00000000       0x18 ./Static_Code/System/Vectors.o
 .text.Unhandled_ivINT_PORTA
                0x00000000       0x18 ./Static_Code/System/Vectors.o
 .text.Unhandled_ivINT_PORTB
                0x00000000       0x18 ./Static_Code/System/Vectors.o
 .text.Unhandled_ivINT_PORTC
                0x00000000       0x18 ./Static_Code/System/Vectors.o
 .text.Unhandled_ivINT_PORTD
                0x00000000       0x18 ./Static_Code/System/Vectors.o
 .text.Unhandled_ivINT_PORTE
                0x00000000       0x18 ./Static_Code/System/Vectors.o
 .text.Unhandled_ivINT_SWI
                0x00000000       0x18 ./Static_Code/System/Vectors.o
 .text.Unhandled_ivINT_SPI2
                0x00000000       0x18 ./Static_Code/System/Vectors.o
 .text.Unhandled_ivINT_UART4_RX_TX
                0x00000000       0x18 ./Static_Code/System/Vectors.o
 .text.Unhandled_ivINT_UART4_ERR
                0x00000000       0x18 ./Static_Code/System/Vectors.o
 .text.Unhandled_ivINT_UART5_RX_TX
                0x00000000       0x18 ./Static_Code/System/Vectors.o
 .text.Unhandled_ivINT_UART5_ERR
                0x00000000       0x18 ./Static_Code/System/Vectors.o
 .text.Unhandled_ivINT_CMP2
                0x00000000       0x18 ./Static_Code/System/Vectors.o
 .text.Unhandled_ivINT_FTM3
                0x00000000       0x18 ./Static_Code/System/Vectors.o
 .text.Unhandled_ivINT_DAC1
                0x00000000       0x18 ./Static_Code/System/Vectors.o
 .text.Unhandled_ivINT_ADC1
                0x00000000       0x18 ./Static_Code/System/Vectors.o
 .text.Unhandled_ivINT_I2C2
                0x00000000       0x18 ./Static_Code/System/Vectors.o
 .text.Unhandled_ivINT_CAN0_ORed_Message_buffer
                0x00000000       0x18 ./Static_Code/System/Vectors.o
 .text.Unhandled_ivINT_CAN0_Bus_Off
                0x00000000       0x18 ./Static_Code/System/Vectors.o
 .text.Unhandled_ivINT_CAN0_Error
                0x00000000       0x18 ./Static_Code/System/Vectors.o
 .text.Unhandled_ivINT_CAN0_Tx_Warning
                0x00000000       0x18 ./Static_Code/System/Vectors.o
 .text.Unhandled_ivINT_CAN0_Rx_Warning
                0x00000000       0x18 ./Static_Code/System/Vectors.o
 .text.Unhandled_ivINT_CAN0_Wake_Up
                0x00000000       0x18 ./Static_Code/System/Vectors.o
 .text.Unhandled_ivINT_SDHC
                0x00000000       0x18 ./Static_Code/System/Vectors.o
 .text.Unhandled_ivINT_ENET_1588_Timer
                0x00000000       0x18 ./Static_Code/System/Vectors.o
 .text.Unhandled_ivINT_ENET_Transmit
                0x00000000       0x18 ./Static_Code/System/Vectors.o
 .text.Unhandled_ivINT_ENET_Receive
                0x00000000       0x18 ./Static_Code/System/Vectors.o
 .text.Unhandled_ivINT_ENET_Error
                0x00000000       0x18 ./Static_Code/System/Vectors.o
 .text          0x00000000        0x0 ./Static_Code/System/Peripherals_Init.o
 .data          0x00000000        0x0 ./Static_Code/System/Peripherals_Init.o
 .bss           0x00000000        0x0 ./Static_Code/System/Peripherals_Init.o
 .text.Peripherals_Init
                0x00000000        0xc ./Static_Code/System/Peripherals_Init.o
 .debug_info    0x00000000       0x87 ./Static_Code/System/Peripherals_Init.o
 .debug_abbrev  0x00000000       0x3b ./Static_Code/System/Peripherals_Init.o
 .debug_loc     0x00000000       0x2c ./Static_Code/System/Peripherals_Init.o
 .debug_aranges
                0x00000000       0x20 ./Static_Code/System/Peripherals_Init.o
 .debug_macinfo
                0x00000000     0xca08 ./Static_Code/System/Peripherals_Init.o
 .debug_line    0x00000000      0x25a ./Static_Code/System/Peripherals_Init.o
 .debug_str     0x00000000      0x155 ./Static_Code/System/Peripherals_Init.o
 .comment       0x00000000       0x7a ./Static_Code/System/Peripherals_Init.o
 .ARM.attributes
                0x00000000       0x3b ./Static_Code/System/Peripherals_Init.o
 .debug_frame   0x00000000       0x28 ./Static_Code/System/Peripherals_Init.o
 .text          0x00000000        0x0 ./Static_Code/System/CPU_Init.o
 .data          0x00000000        0x0 ./Static_Code/System/CPU_Init.o
 .bss           0x00000000        0x0 ./Static_Code/System/CPU_Init.o
 .bss.SR_lock   0x00000000        0x1 ./Static_Code/System/CPU_Init.o
 .bss.ClockConfigurationID
                0x00000000        0x1 ./Static_Code/System/CPU_Init.o
 COMMON         0x00000000        0x1 ./Static_Code/System/CPU_Init.o
 .text          0x00000000        0x0 C:/Freescale/CW MCU v10.7/MCU/ARM_GCC_Support/ewl/lib/armv7e-m/fpu\libc.a(exit.o)
 .data          0x00000000        0x0 C:/Freescale/CW MCU v10.7/MCU/ARM_GCC_Support/ewl/lib/armv7e-m/fpu\libc.a(exit.o)
 .bss           0x00000000        0x0 C:/Freescale/CW MCU v10.7/MCU/ARM_GCC_Support/ewl/lib/armv7e-m/fpu\libc.a(exit.o)
 .text          0x00000000        0x0 C:/Freescale/CW MCU v10.7/MCU/ARM_GCC_Support/ewl/lib/armv7e-m/fpu\libc.a(strchr.o)
 .data          0x00000000        0x0 C:/Freescale/CW MCU v10.7/MCU/ARM_GCC_Support/ewl/lib/armv7e-m/fpu\libc.a(strchr.o)
 .bss           0x00000000        0x0 C:/Freescale/CW MCU v10.7/MCU/ARM_GCC_Support/ewl/lib/armv7e-m/fpu\libc.a(strchr.o)
 .text          0x00000000        0x0 C:/Freescale/CW MCU v10.7/MCU/ARM_GCC_Support/ewl/lib/armv7e-m/fpu\libc.a(memset.o)
 .data          0x00000000        0x0 C:/Freescale/CW MCU v10.7/MCU/ARM_GCC_Support/ewl/lib/armv7e-m/fpu\libc.a(memset.o)
 .bss           0x00000000        0x0 C:/Freescale/CW MCU v10.7/MCU/ARM_GCC_Support/ewl/lib/armv7e-m/fpu\libc.a(memset.o)
 .text          0x00000000        0x0 C:/Freescale/CW MCU v10.7/MCU/ARM_GCC_Support/ewl/lib/armv7e-m/fpu\libc.a(strncpy.o)
 .data          0x00000000        0x0 C:/Freescale/CW MCU v10.7/MCU/ARM_GCC_Support/ewl/lib/armv7e-m/fpu\libc.a(strncpy.o)
 .bss           0x00000000        0x0 C:/Freescale/CW MCU v10.7/MCU/ARM_GCC_Support/ewl/lib/armv7e-m/fpu\libc.a(strncpy.o)
 .text          0x00000000        0x0 C:/Freescale/CW MCU v10.7/MCU/ARM_GCC_Support/ewl/lib/armv7e-m/fpu\libc.a(strncmp.o)
 .data          0x00000000        0x0 C:/Freescale/CW MCU v10.7/MCU/ARM_GCC_Support/ewl/lib/armv7e-m/fpu\libc.a(strncmp.o)
 .bss           0x00000000        0x0 C:/Freescale/CW MCU v10.7/MCU/ARM_GCC_Support/ewl/lib/armv7e-m/fpu\libc.a(strncmp.o)
 .text.strncmp  0x00000000       0x22 C:/Freescale/CW MCU v10.7/MCU/ARM_GCC_Support/ewl/lib/armv7e-m/fpu\libc.a(strncmp.o)
 .debug_info    0x00000000      0x141 C:/Freescale/CW MCU v10.7/MCU/ARM_GCC_Support/ewl/lib/armv7e-m/fpu\libc.a(strncmp.o)
 .debug_abbrev  0x00000000       0x98 C:/Freescale/CW MCU v10.7/MCU/ARM_GCC_Support/ewl/lib/armv7e-m/fpu\libc.a(strncmp.o)
 .debug_loc     0x00000000       0xed C:/Freescale/CW MCU v10.7/MCU/ARM_GCC_Support/ewl/lib/armv7e-m/fpu\libc.a(strncmp.o)
 .debug_aranges
                0x00000000       0x20 C:/Freescale/CW MCU v10.7/MCU/ARM_GCC_Support/ewl/lib/armv7e-m/fpu\libc.a(strncmp.o)
 .debug_line    0x00000000       0x8e C:/Freescale/CW MCU v10.7/MCU/ARM_GCC_Support/ewl/lib/armv7e-m/fpu\libc.a(strncmp.o)
 .debug_str     0x00000000      0x152 C:/Freescale/CW MCU v10.7/MCU/ARM_GCC_Support/ewl/lib/armv7e-m/fpu\libc.a(strncmp.o)
 .comment       0x00000000       0x7a C:/Freescale/CW MCU v10.7/MCU/ARM_GCC_Support/ewl/lib/armv7e-m/fpu\libc.a(strncmp.o)
 .ARM.attributes
                0x00000000       0x3b C:/Freescale/CW MCU v10.7/MCU/ARM_GCC_Support/ewl/lib/armv7e-m/fpu\libc.a(strncmp.o)
 .debug_frame   0x00000000       0x2c C:/Freescale/CW MCU v10.7/MCU/ARM_GCC_Support/ewl/lib/armv7e-m/fpu\libc.a(strncmp.o)
 .text          0x00000000        0x0 C:/Freescale/CW MCU v10.7/MCU/ARM_GCC_Support/ewl/lib/armv7e-m/fpu\libc.a(__filll_mem.o)
 .data          0x00000000        0x0 C:/Freescale/CW MCU v10.7/MCU/ARM_GCC_Support/ewl/lib/armv7e-m/fpu\libc.a(__filll_mem.o)
 .bss           0x00000000        0x0 C:/Freescale/CW MCU v10.7/MCU/ARM_GCC_Support/ewl/lib/armv7e-m/fpu\libc.a(__filll_mem.o)
 .text          0x00000000        0x0 C:/Freescale/CW MCU v10.7/MCU/ARM_GCC_Support/ewl/lib/armv7e-m/fpu\libc.a(memcpy.o)
 .data          0x00000000        0x0 C:/Freescale/CW MCU v10.7/MCU/ARM_GCC_Support/ewl/lib/armv7e-m/fpu\libc.a(memcpy.o)
 .bss           0x00000000        0x0 C:/Freescale/CW MCU v10.7/MCU/ARM_GCC_Support/ewl/lib/armv7e-m/fpu\libc.a(memcpy.o)
 .text.memcpy   0x00000000       0x12 C:/Freescale/CW MCU v10.7/MCU/ARM_GCC_Support/ewl/lib/armv7e-m/fpu\libc.a(memcpy.o)
 .debug_info    0x00000000      0x10f C:/Freescale/CW MCU v10.7/MCU/ARM_GCC_Support/ewl/lib/armv7e-m/fpu\libc.a(memcpy.o)
 .debug_abbrev  0x00000000       0x95 C:/Freescale/CW MCU v10.7/MCU/ARM_GCC_Support/ewl/lib/armv7e-m/fpu\libc.a(memcpy.o)
 .debug_loc     0x00000000       0x59 C:/Freescale/CW MCU v10.7/MCU/ARM_GCC_Support/ewl/lib/armv7e-m/fpu\libc.a(memcpy.o)
 .debug_aranges
                0x00000000       0x20 C:/Freescale/CW MCU v10.7/MCU/ARM_GCC_Support/ewl/lib/armv7e-m/fpu\libc.a(memcpy.o)
 .debug_line    0x00000000       0x8b C:/Freescale/CW MCU v10.7/MCU/ARM_GCC_Support/ewl/lib/armv7e-m/fpu\libc.a(memcpy.o)
 .debug_str     0x00000000      0x138 C:/Freescale/CW MCU v10.7/MCU/ARM_GCC_Support/ewl/lib/armv7e-m/fpu\libc.a(memcpy.o)
 .comment       0x00000000       0x7a C:/Freescale/CW MCU v10.7/MCU/ARM_GCC_Support/ewl/lib/armv7e-m/fpu\libc.a(memcpy.o)
 .ARM.attributes
                0x00000000       0x3b C:/Freescale/CW MCU v10.7/MCU/ARM_GCC_Support/ewl/lib/armv7e-m/fpu\libc.a(memcpy.o)
 .debug_frame   0x00000000       0x28 C:/Freescale/CW MCU v10.7/MCU/ARM_GCC_Support/ewl/lib/armv7e-m/fpu\libc.a(memcpy.o)
 .text          0x00000000        0x0 C:/Freescale/CW MCU v10.7/MCU/ARM_GCC_Support/ewl/lib/armv7e-m/fpu\libc.a(strlen.o)
 .data          0x00000000        0x0 C:/Freescale/CW MCU v10.7/MCU/ARM_GCC_Support/ewl/lib/armv7e-m/fpu\libc.a(strlen.o)
 .bss           0x00000000        0x0 C:/Freescale/CW MCU v10.7/MCU/ARM_GCC_Support/ewl/lib/armv7e-m/fpu\libc.a(strlen.o)
 .text          0x00000000        0x0 C:/Freescale/CW MCU v10.7/MCU/ARM_GCC_Support/ewl/lib/armv7e-m/fpu\libc.a(printformat_.o)
 .data          0x00000000        0x0 C:/Freescale/CW MCU v10.7/MCU/ARM_GCC_Support/ewl/lib/armv7e-m/fpu\libc.a(printformat_.o)
 .bss           0x00000000        0x0 C:/Freescale/CW MCU v10.7/MCU/ARM_GCC_Support/ewl/lib/armv7e-m/fpu\libc.a(printformat_.o)
 .text          0x00000000        0x0 C:/Freescale/CW MCU v10.7/MCU/ARM_GCC_Support/ewl/lib/armv7e-m/fpu\libc.a(scanformat_.o)
 .data          0x00000000        0x0 C:/Freescale/CW MCU v10.7/MCU/ARM_GCC_Support/ewl/lib/armv7e-m/fpu\libc.a(scanformat_.o)
 .bss           0x00000000        0x0 C:/Freescale/CW MCU v10.7/MCU/ARM_GCC_Support/ewl/lib/armv7e-m/fpu\libc.a(scanformat_.o)
 .text          0x00000000        0x0 C:/Freescale/CW MCU v10.7/MCU/ARM_GCC_Support/ewl/lib/armv7e-m/fpu\libc.a(ctype_aeabi.o)
 .data          0x00000000        0x0 C:/Freescale/CW MCU v10.7/MCU/ARM_GCC_Support/ewl/lib/armv7e-m/fpu\libc.a(ctype_aeabi.o)
 .bss           0x00000000        0x0 C:/Freescale/CW MCU v10.7/MCU/ARM_GCC_Support/ewl/lib/armv7e-m/fpu\libc.a(ctype_aeabi.o)
 .text.isalnum  0x00000000       0x18 C:/Freescale/CW MCU v10.7/MCU/ARM_GCC_Support/ewl/lib/armv7e-m/fpu\libc.a(ctype_aeabi.o)
 .text.iscntrl  0x00000000       0x1c C:/Freescale/CW MCU v10.7/MCU/ARM_GCC_Support/ewl/lib/armv7e-m/fpu\libc.a(ctype_aeabi.o)
 .text.isdigit  0x00000000        0xc C:/Freescale/CW MCU v10.7/MCU/ARM_GCC_Support/ewl/lib/armv7e-m/fpu\libc.a(ctype_aeabi.o)
 .text.isgraph  0x00000000       0x18 C:/Freescale/CW MCU v10.7/MCU/ARM_GCC_Support/ewl/lib/armv7e-m/fpu\libc.a(ctype_aeabi.o)
 .text.islower  0x00000000       0x1c C:/Freescale/CW MCU v10.7/MCU/ARM_GCC_Support/ewl/lib/armv7e-m/fpu\libc.a(ctype_aeabi.o)
 .text.isprint  0x00000000       0x18 C:/Freescale/CW MCU v10.7/MCU/ARM_GCC_Support/ewl/lib/armv7e-m/fpu\libc.a(ctype_aeabi.o)
 .text.ispunct  0x00000000       0x1c C:/Freescale/CW MCU v10.7/MCU/ARM_GCC_Support/ewl/lib/armv7e-m/fpu\libc.a(ctype_aeabi.o)
 .text.isupper  0x00000000       0x1c C:/Freescale/CW MCU v10.7/MCU/ARM_GCC_Support/ewl/lib/armv7e-m/fpu\libc.a(ctype_aeabi.o)
 .text.isxdigit
                0x00000000       0x1c C:/Freescale/CW MCU v10.7/MCU/ARM_GCC_Support/ewl/lib/armv7e-m/fpu\libc.a(ctype_aeabi.o)
 .text.isblank  0x00000000       0x28 C:/Freescale/CW MCU v10.7/MCU/ARM_GCC_Support/ewl/lib/armv7e-m/fpu\libc.a(ctype_aeabi.o)
 .text.tolower  0x00000000        0xc C:/Freescale/CW MCU v10.7/MCU/ARM_GCC_Support/ewl/lib/armv7e-m/fpu\libc.a(ctype_aeabi.o)
 .text          0x00000000        0x0 C:/Freescale/CW MCU v10.7/MCU/ARM_GCC_Support/ewl/lib/armv7e-m/fpu\libc.a(__strtoul.o)
 .data          0x00000000        0x0 C:/Freescale/CW MCU v10.7/MCU/ARM_GCC_Support/ewl/lib/armv7e-m/fpu\libc.a(__strtoul.o)
 .bss           0x00000000        0x0 C:/Freescale/CW MCU v10.7/MCU/ARM_GCC_Support/ewl/lib/armv7e-m/fpu\libc.a(__strtoul.o)
 .text          0x00000000        0x0 C:/Freescale/CW MCU v10.7/MCU/ARM_GCC_Support/ewl/lib/armv7e-m/fpu\libc.a(memchr.o)
 .data          0x00000000        0x0 C:/Freescale/CW MCU v10.7/MCU/ARM_GCC_Support/ewl/lib/armv7e-m/fpu\libc.a(memchr.o)
 .bss           0x00000000        0x0 C:/Freescale/CW MCU v10.7/MCU/ARM_GCC_Support/ewl/lib/armv7e-m/fpu\libc.a(memchr.o)
 .text          0x00000000        0x0 C:/Freescale/CW MCU v10.7/MCU/ARM_GCC_Support/ewl/lib/armv7e-m/fpu\librt.a(gcc_ctor_dtor.o)
 .data          0x00000000        0x0 C:/Freescale/CW MCU v10.7/MCU/ARM_GCC_Support/ewl/lib/armv7e-m/fpu\librt.a(gcc_ctor_dtor.o)
 .bss           0x00000000        0x0 C:/Freescale/CW MCU v10.7/MCU/ARM_GCC_Support/ewl/lib/armv7e-m/fpu\librt.a(gcc_ctor_dtor.o)
 .bss.__dso_handle
                0x00000000        0x4 C:/Freescale/CW MCU v10.7/MCU/ARM_GCC_Support/ewl/lib/armv7e-m/fpu\librt.a(gcc_ctor_dtor.o)
 .text          0x00000000        0x0 C:/Freescale/CW MCU v10.7/MCU/ARM_GCC_Support/ewl/lib/armv7e-m/fpu\librt.a(__arm_eabi_init.o)
 .data          0x00000000        0x0 C:/Freescale/CW MCU v10.7/MCU/ARM_GCC_Support/ewl/lib/armv7e-m/fpu\librt.a(__arm_eabi_init.o)
 .bss           0x00000000        0x0 C:/Freescale/CW MCU v10.7/MCU/ARM_GCC_Support/ewl/lib/armv7e-m/fpu\librt.a(__arm_eabi_init.o)
 .text.__register_global_object
                0x00000000       0x14 C:/Freescale/CW MCU v10.7/MCU/ARM_GCC_Support/ewl/lib/armv7e-m/fpu\librt.a(__arm_eabi_init.o)
 .text.__cxa_atexit
                0x00000000       0x38 C:/Freescale/CW MCU v10.7/MCU/ARM_GCC_Support/ewl/lib/armv7e-m/fpu\librt.a(__arm_eabi_init.o)
 .text.__aeabi_atexit
                0x00000000        0xa C:/Freescale/CW MCU v10.7/MCU/ARM_GCC_Support/ewl/lib/armv7e-m/fpu\librt.a(__arm_eabi_init.o)
 .text.__register_atexit
                0x00000000        0x8 C:/Freescale/CW MCU v10.7/MCU/ARM_GCC_Support/ewl/lib/armv7e-m/fpu\librt.a(__arm_eabi_init.o)
 .text.__init_hardware
                0x00000000        0x4 C:/Freescale/CW MCU v10.7/MCU/ARM_GCC_Support/ewl/lib/armv7e-m/fpu\librt.a(__arm_eabi_init.o)
 .bss.atexit_curr_func
                0x00000000        0x4 C:/Freescale/CW MCU v10.7/MCU/ARM_GCC_Support/ewl/lib/armv7e-m/fpu\librt.a(__arm_eabi_init.o)
 .bss.atexit_funcs
                0x00000000      0x300 C:/Freescale/CW MCU v10.7/MCU/ARM_GCC_Support/ewl/lib/armv7e-m/fpu\librt.a(__arm_eabi_init.o)
 .text          0x00000000        0x0 C:/Freescale/CW MCU v10.7/MCU/ARM_GCC_Support/ewl/lib/armv7e-m/fpu\librt.a(ROMCopy.o)
 .data          0x00000000        0x0 C:/Freescale/CW MCU v10.7/MCU/ARM_GCC_Support/ewl/lib/armv7e-m/fpu\librt.a(ROMCopy.o)
 .bss           0x00000000        0x0 C:/Freescale/CW MCU v10.7/MCU/ARM_GCC_Support/ewl/lib/armv7e-m/fpu\librt.a(ROMCopy.o)
 .text.__flush_cache
                0x00000000        0x2 C:/Freescale/CW MCU v10.7/MCU/ARM_GCC_Support/ewl/lib/armv7e-m/fpu\librt.a(ROMCopy.o)

Memory Configuration

Name             Origin             Length             Attributes
m_interrupts     0x20000000         0x00000198         xr
m_text           0x20000198         0x0002fe68         xr
m_data           0x1fff0000         0x00010000         rw
m_cfmprotrom     0x00000400         0x00000010         xr
*default*        0x00000000         0xffffffff

Linker script and memory map

LOAD ./Generated_Code/timers.o
LOAD ./Generated_Code/tasks.o
LOAD ./Generated_Code/queue.o
LOAD ./Generated_Code/portasm.o
LOAD ./Generated_Code/port.o
LOAD ./Generated_Code/list.o
LOAD ./Generated_Code/heap.o
LOAD ./Generated_Code/croutine.o
LOAD ./Generated_Code/UTIL1.o
LOAD ./Generated_Code/RTOSTICKLDD1.o
LOAD ./Generated_Code/Pins1.o
LOAD ./Generated_Code/PE_LDD.o
LOAD ./Generated_Code/FRTOS1.o
LOAD ./Generated_Code/Cpu.o
LOAD ./Generated_Code/CommandInterpreter.o
LOAD ./Project_Settings/Startup_Code/__arm_start.o
LOAD ./Project_Settings/Startup_Code/__arm_end.o
LOAD ./Sources/main.o
LOAD ./Sources/Events.o
LOAD ./Static_Code/System/Vectors.o
LOAD ./Static_Code/System/Peripherals_Init.o
LOAD ./Static_Code/System/CPU_Init.o
                0x20001ebc                __pformatter = __pformatter_
                [0x200022b4]                __sformatter = __sformatter
START GROUP
LOAD C:/Freescale/CW MCU v10.7/MCU/ARM_GCC_Support/ewl/lib/armv7e-m/fpu\libc.a
LOAD C:/Freescale/CW MCU v10.7/MCU/ARM_GCC_Support/ewl/lib/armv7e-m/fpu\libm.a
LOAD c:/freescale/cw mcu v10.7/cross_tools/arm-none-eabi-gcc-4_7_3/bin/../lib/gcc/arm-none-eabi/4.7.3/armv7e-m/fpu\libgcc.a
LOAD C:/Freescale/CW MCU v10.7/MCU/ARM_GCC_Support/ewl/lib/armv7e-m/fpu\librt.a
LOAD C:/Freescale/CW MCU v10.7/MCU/ARM_GCC_Support/ewl/lib/armv7e-m/fpu\libuart.a
END GROUP
                0x20000000                _estack = 0x20000000
                0x20000000                __SP_INIT = _estack
                0x00000000                __heap_size = 0x0
                0x00000400                __stack_size = 0x400

.interrupts     0x20000000      0x198
                0x20000000                __vector_table = .
                0x20000000                . = ALIGN (0x4)
 *(.vectortable)
 .vectortable   0x20000000      0x198 ./Static_Code/System/Vectors.o
                0x20000000                __vect_table
                0x20000198                . = ALIGN (0x4)

.cfmprotect     0x00000400        0x0
                0x00000400                . = ALIGN (0x4)
 *(.cfmconfig)
                0x00000400                . = ALIGN (0x4)

.text           0x20000198     0x2dec
                0x20000198                . = ALIGN (0x4)
 *(.text)
 *(.text*)
 .text.xTaskGenericCreate
                0x20000198      0x1dc ./Generated_Code/tasks.o
                0x20000198                xTaskGenericCreate
 .text.vTaskStartScheduler
                0x20000374       0x84 ./Generated_Code/tasks.o
                0x20000374                vTaskStartScheduler
 .text.vTaskSuspendAll
                0x200003f8       0x24 ./Generated_Code/tasks.o
                0x200003f8                vTaskSuspendAll
 .text.xTaskResumeAll
                0x2000041c      0x168 ./Generated_Code/tasks.o
                0x2000041c                xTaskResumeAll
 .text.vTaskIncrementTick
                0x20000584      0x1e4 ./Generated_Code/tasks.o
                0x20000584                vTaskIncrementTick
 .text.vTaskSwitchContext
                0x20000768      0x118 ./Generated_Code/tasks.o
                0x20000768                vTaskSwitchContext
 .text.prvIdleTask
                0x20000880       0x24 ./Generated_Code/tasks.o
 .text.prvInitialiseTCBVariables
                0x200008a4       0x78 ./Generated_Code/tasks.o
 .text.prvInitialiseTaskLists
                0x2000091c       0x98 ./Generated_Code/tasks.o
 .text.prvCheckTasksWaitingTermination
                0x200009b4        0xc ./Generated_Code/tasks.o
 .text.prvAllocateTCBAndStack
                0x200009c0       0x70 ./Generated_Code/tasks.o
 .text.pxPortInitialiseStack
                0x20000a30       0x60 ./Generated_Code/port.o
                0x20000a30                pxPortInitialiseStack
 .text.xPortStartScheduler
                0x20000a90       0x74 ./Generated_Code/port.o
                0x20000a90                xPortStartScheduler
 .text.vPortEnterCritical
                0x20000b04       0x2c ./Generated_Code/port.o
                0x20000b04                vPortEnterCritical
 .text.vPortExitCritical
                0x20000b30       0x38 ./Generated_Code/port.o
                0x20000b30                vPortExitCritical
 .text.vPortYieldFromISR
                0x20000b68       0x18 ./Generated_Code/port.o
                0x20000b68                vPortYieldFromISR
 .text.vOnCounterRestart
                0x20000b80       0x2c ./Generated_Code/port.o
                0x20000b80                vOnCounterRestart
 .text.vPortStartFirstTask
                0x20000bac       0x18 ./Generated_Code/port.o
                0x20000bac                vPortStartFirstTask
 .text.vPortSVCHandler
                0x20000bc4       0x2c ./Generated_Code/port.o
                0x20000bc4                vPortSVCHandler
 .text.vPortPendSVHandler
                0x20000bf0       0x48 ./Generated_Code/port.o
                0x20000bf0                vPortPendSVHandler
 .text.vListInitialise
                0x20000c38       0x40 ./Generated_Code/list.o
                0x20000c38                vListInitialise
 .text.vListInitialiseItem
                0x20000c78       0x1c ./Generated_Code/list.o
                0x20000c78                vListInitialiseItem
 .text.vListInsertEnd
                0x20000c94       0x50 ./Generated_Code/list.o
                0x20000c94                vListInsertEnd
 .text.vListRemove
                0x20000ce4       0x54 ./Generated_Code/list.o
                0x20000ce4                vListRemove
 .text.pvPortMalloc
                0x20000d38      0x1bc ./Generated_Code/heap.o
                0x20000d38                pvPortMalloc
 .text.vPortFree
                0x20000ef4       0x88 ./Generated_Code/heap.o
                0x20000ef4                vPortFree
 .text.RTOSTICKLDD1_Init
                0x20000f7c       0x90 ./Generated_Code/RTOSTICKLDD1.o
                0x20000f7c                RTOSTICKLDD1_Init
 .text.RTOSTICKLDD1_Enable
                0x2000100c       0x30 ./Generated_Code/RTOSTICKLDD1.o
                0x2000100c                RTOSTICKLDD1_Enable
 .text.RTOSTICKLDD1_Interrupt
                0x2000103c       0x4c ./Generated_Code/RTOSTICKLDD1.o
                0x2000103c                RTOSTICKLDD1_Interrupt
 .text.RTOSTICKLDD1_OnCounterRestart
                0x20001088        0x4 ./Generated_Code/FRTOS1.o
                0x20001088                RTOSTICKLDD1_OnCounterRestart
 .text.Components_Init
                0x2000108c        0xc ./Generated_Code/Cpu.o
                0x2000108c                Components_Init
 .text.Cpu_INT_NMIInterrupt
                0x20001098       0x1c ./Generated_Code/Cpu.o
                0x20001098                Cpu_INT_NMIInterrupt
 .text.zero_fill_bss
                0x200010b4       0x2c ./Project_Settings/Startup_Code/__arm_start.o
 .text.__thumb_startup
                0x200010e0       0x34 ./Project_Settings/Startup_Code/__arm_start.o
                0x200010e0                __thumb_startup
 .text._ExitProcess
                0x20001114        0xc ./Project_Settings/Startup_Code/__arm_end.o
                0x20001114                _ExitProcess
 .text.vfnTaskA
                0x20001120       0x14 ./Sources/main.o
                0x20001120                vfnTaskA
 .text.main     0x20001134       0x64 ./Sources/main.o
                0x20001134                main
 .text.Cpu_OnNMI
                0x20001198        0xc ./Sources/Events.o
                0x20001198                Cpu_OnNMI
 .text.FRTOS1_vApplicationStackOverflowHook
                0x200011a4       0x14 ./Sources/Events.o
                0x200011a4                FRTOS1_vApplicationStackOverflowHook
 .text.FRTOS1_vApplicationTickHook
                0x200011b8        0xc ./Sources/Events.o
                0x200011b8                FRTOS1_vApplicationTickHook
 .text.FRTOS1_vApplicationIdleHook
                0x200011c4        0xc ./Sources/Events.o
                0x200011c4                FRTOS1_vApplicationIdleHook
 .text.FRTOS1_vApplicationMallocFailedHook
                0x200011d0       0x10 ./Sources/Events.o
                0x200011d0                FRTOS1_vApplicationMallocFailedHook
 .text.UnhandledInterrupt
                0x200011e0       0x18 ./Static_Code/System/Vectors.o
                0x200011e0                UnhandledInterrupt
 .text.CPU_SetBASEPRI
                0x200011f8       0x18 ./Static_Code/System/CPU_Init.o
                0x200011f8                CPU_SetBASEPRI
 .text.__init_hardware
                0x20001210       0xd4 ./Static_Code/System/CPU_Init.o
                0x20001210                __init_hardware
 .text.PE_low_level_init
                0x200012e4       0x68 ./Static_Code/System/CPU_Init.o
                0x200012e4                PE_low_level_init
 .text.CPU_GetClockGenMode
                0x2000134c       0xc0 ./Static_Code/System/CPU_Init.o
                0x2000134c                CPU_GetClockGenMode
 .text.CPU_SetClockConfigGenMode
                0x2000140c      0x804 ./Static_Code/System/CPU_Init.o
                0x2000140c                CPU_SetClockConfigGenMode
 .text.exit     0x20001c10       0x38 C:/Freescale/CW MCU v10.7/MCU/ARM_GCC_Support/ewl/lib/armv7e-m/fpu\libc.a(exit.o)
                0x20001c10                exit
 .text.strchr   0x20001c48       0x1a C:/Freescale/CW MCU v10.7/MCU/ARM_GCC_Support/ewl/lib/armv7e-m/fpu\libc.a(strchr.o)
                0x20001c48                strchr
 .text.memset   0x20001c62        0xc C:/Freescale/CW MCU v10.7/MCU/ARM_GCC_Support/ewl/lib/armv7e-m/fpu\libc.a(memset.o)
                0x20001c62                memset
 .text.strncpy  0x20001c6e       0x30 C:/Freescale/CW MCU v10.7/MCU/ARM_GCC_Support/ewl/lib/armv7e-m/fpu\libc.a(strncpy.o)
                0x20001c6e                strncpy
 .text.__fill_mem
                0x20001c9e       0x76 C:/Freescale/CW MCU v10.7/MCU/ARM_GCC_Support/ewl/lib/armv7e-m/fpu\libc.a(__filll_mem.o)
                0x20001c9e                __fill_mem
 .text.strlen   0x20001d14       0x10 C:/Freescale/CW MCU v10.7/MCU/ARM_GCC_Support/ewl/lib/armv7e-m/fpu\libc.a(strlen.o)
                0x20001d14                strlen
 .text.long2str.isra.0
                0x20001d24      0x196 C:/Freescale/CW MCU v10.7/MCU/ARM_GCC_Support/ewl/lib/armv7e-m/fpu\libc.a(printformat_.o)
 *fill*         0x20001eba        0x2 00
 .text.__pformatter_
                0x20001ebc      0x3f8 C:/Freescale/CW MCU v10.7/MCU/ARM_GCC_Support/ewl/lib/armv7e-m/fpu\libc.a(printformat_.o)
                0x20001ebc                __pformatter_
 .text.__sformatter
                0x200022b4      0x6f4 C:/Freescale/CW MCU v10.7/MCU/ARM_GCC_Support/ewl/lib/armv7e-m/fpu\libc.a(scanformat_.o)
                0x200022b4                __sformatter
 .text.isalpha  0x200029a8       0x1c C:/Freescale/CW MCU v10.7/MCU/ARM_GCC_Support/ewl/lib/armv7e-m/fpu\libc.a(ctype_aeabi.o)
                0x200029a8                isalpha
 .text.isspace  0x200029c4       0x1c C:/Freescale/CW MCU v10.7/MCU/ARM_GCC_Support/ewl/lib/armv7e-m/fpu\libc.a(ctype_aeabi.o)
                0x200029c4                isspace
 .text.toupper  0x200029e0        0xc C:/Freescale/CW MCU v10.7/MCU/ARM_GCC_Support/ewl/lib/armv7e-m/fpu\libc.a(ctype_aeabi.o)
                0x200029e0                toupper
 .text.__strtoul
                0x200029ec      0x214 C:/Freescale/CW MCU v10.7/MCU/ARM_GCC_Support/ewl/lib/armv7e-m/fpu\libc.a(__strtoul.o)
                0x200029ec                __strtoul
 .text.memchr   0x20002c00       0x18 C:/Freescale/CW MCU v10.7/MCU/ARM_GCC_Support/ewl/lib/armv7e-m/fpu\libc.a(memchr.o)
                0x20002c00                memchr
 .text.__init_cpp
                0x20002c18       0x4c C:/Freescale/CW MCU v10.7/MCU/ARM_GCC_Support/ewl/lib/armv7e-m/fpu\librt.a(gcc_ctor_dtor.o)
                0x20002c18                __init_cpp
 .text.__fini_cpp
                0x20002c64       0x34 C:/Freescale/CW MCU v10.7/MCU/ARM_GCC_Support/ewl/lib/armv7e-m/fpu\librt.a(gcc_ctor_dtor.o)
                0x20002c64                __fini_cpp
 .text.__destroy_global_chain
                0x20002c98       0x18 C:/Freescale/CW MCU v10.7/MCU/ARM_GCC_Support/ewl/lib/armv7e-m/fpu\librt.a(__arm_eabi_init.o)
                0x20002c98                __destroy_global_chain
 .text.__init_registers
                0x20002cb0       0x24 C:/Freescale/CW MCU v10.7/MCU/ARM_GCC_Support/ewl/lib/armv7e-m/fpu\librt.a(__arm_eabi_init.o)
                0x20002cb0                __init_registers
 .text.__fp_init
                0x20002cd4       0x1c C:/Freescale/CW MCU v10.7/MCU/ARM_GCC_Support/ewl/lib/armv7e-m/fpu\librt.a(__arm_eabi_init.o)
                0x20002cd4                __fp_init
 .text.__init_user
                0x20002cf0        0x4 C:/Freescale/CW MCU v10.7/MCU/ARM_GCC_Support/ewl/lib/armv7e-m/fpu\librt.a(__arm_eabi_init.o)
                0x20002cf0                __init_user
 .text.__copy_rom_section
                0x20002cf4       0x44 C:/Freescale/CW MCU v10.7/MCU/ARM_GCC_Support/ewl/lib/armv7e-m/fpu\librt.a(ROMCopy.o)
                0x20002cf4                __copy_rom_section
 .text.__copy_rom_sections_to_ram
                0x20002d38       0x30 C:/Freescale/CW MCU v10.7/MCU/ARM_GCC_Support/ewl/lib/armv7e-m/fpu\librt.a(ROMCopy.o)
                0x20002d38                __copy_rom_sections_to_ram
 *(.rodata)
 .rodata        0x20002d68        0x8 ./Generated_Code/tasks.o
 .rodata        0x20002d70        0x8 ./Sources/main.o
 *(.rodata*)
 .rodata.heapSTRUCT_SIZE
                0x20002d78        0x2 ./Generated_Code/heap.o
 *fill*         0x20002d7a        0x2 00
 .rodata.ClockGenModeMatrix
                0x20002d7c       0x80 ./Static_Code/System/CPU_Init.o
 .rodata.CPU_ClockConfigDescriptors
                0x20002dfc       0x1c ./Static_Code/System/CPU_Init.o
 .rodata.CPU_DefaultFEI
                0x20002e18        0x8 ./Static_Code/System/CPU_Init.o
 .rodata.CPU_DefaultFBI
                0x20002e20        0x8 ./Static_Code/System/CPU_Init.o
 .rodata.CPU_DefaultBLPI
                0x20002e28        0x8 ./Static_Code/System/CPU_Init.o
 .rodata.CPU_DefaultFEE
                0x20002e30        0x8 ./Static_Code/System/CPU_Init.o
 .rodata.CPU_DefaultFBE
                0x20002e38        0x8 ./Static_Code/System/CPU_Init.o
 .rodata.CPU_DefaultBLPE
                0x20002e40        0x8 ./Static_Code/System/CPU_Init.o
 .rodata.CPU_DefaultPBE
                0x20002e48        0x8 ./Static_Code/System/CPU_Init.o
 .rodata.CPU_DefaultPEE
                0x20002e50        0x8 ./Static_Code/System/CPU_Init.o
 .rodata.CPU_ClockGenModeRegs
                0x20002e58       0x20 ./Static_Code/System/CPU_Init.o
 .rodata.str1.1
                0x20002e78        0x1 C:/Freescale/CW MCU v10.7/MCU/ARM_GCC_Support/ewl/lib/armv7e-m/fpu\libc.a(printformat_.o)
 .rodata.CSWTCH.20
                0x20002e79        0x5 C:/Freescale/CW MCU v10.7/MCU/ARM_GCC_Support/ewl/lib/armv7e-m/fpu\libc.a(printformat_.o)
 .rodata.CSWTCH.21
                0x20002e7e        0x5 C:/Freescale/CW MCU v10.7/MCU/ARM_GCC_Support/ewl/lib/armv7e-m/fpu\libc.a(printformat_.o)
 .rodata.__aeabi_ctype_table_C
                0x20002e83      0x101 C:/Freescale/CW MCU v10.7/MCU/ARM_GCC_Support/ewl/lib/armv7e-m/fpu\libc.a(ctype_aeabi.o)
                0x20002e83                __aeabi_ctype_table_C
 *(.glue_7)
 .glue_7        0x00000000        0x0 linker stubs
 *(.glue_7t)
 .glue_7t       0x00000000        0x0 linker stubs
 *(.eh_frame)
 *(.init)
 *(.fini)
                0x20002f84                . = ALIGN (0x4)
                0x20002f84                _etext = .

.vfp11_veneer   0x20002f84        0x0
 .vfp11_veneer  0x00000000        0x0 linker stubs

.v4_bx          0x20002f84        0x0
 .v4_bx         0x00000000        0x0 linker stubs

.iplt           0x20002f84        0x0
 .iplt          0x00000000        0x0 ./Generated_Code/timers.o

.rel.dyn        0x20002f84        0x0
 .rel.iplt      0x00000000        0x0 ./Generated_Code/timers.o

.ARM.extab
 *(.ARM.extab* .gnu.linkonce.armextab.*)

.ARM            0x20002f84        0x0
                0x20002f84                __exidx_start = .
 *(.ARM.exidx*)
                0x20002f84                __exidx_end = .

.ctors          0x20002f84        0x0
                0x20002f84                __CTOR_LIST__ = .
 *crtbegin.o(.ctors)
 *(EXCLUDE_FILE(*crtend.o) .ctors)
 *(SORT(.ctors.*))
 *(.ctors)
                0x20002f84                __CTOR_END__ = .

.dtors          0x20002f84        0x0
                0x20002f84                __DTOR_LIST__ = .
 *crtbegin.o(.dtors)
 *(EXCLUDE_FILE(*crtend.o) .dtors)
 *(SORT(.dtors.*))
 *(.dtors)
                0x20002f84                __DTOR_END__ = .

.preinit_array  0x20002f84        0x0
                0x20002f84                PROVIDE (__preinit_array_start, .)
 *(.preinit_array*)
                0x20002f84                PROVIDE (__preinit_array_end, .)

.init_array     0x20002f84        0x0
                0x20002f84                PROVIDE (__init_array_start, .)
 *(SORT(.init_array.*))
 *(.init_array*)
                0x20002f84                PROVIDE (__init_array_end, .)

.fini_array     0x20002f84        0x0
                0x20002f84                PROVIDE (__fini_array_start, .)
 *(SORT(.fini_array.*))
 *(.fini_array*)
                0x20002f84                PROVIDE (__fini_array_end, .)
                0x20002f84                ___ROM_AT = .

.data           0x1fff0000        0xc
                0x1fff0000                . = ALIGN (0x4)
                0x1fff0000                _sdata = .
 *(.data)
 *(.data*)
 .data.xNextTaskUnblockTime
                0x1fff0000        0x4 ./Generated_Code/tasks.o
 .data.uxCriticalNesting
                0x1fff0004        0x4 ./Generated_Code/port.o
 .data.xFreeBytesRemaining
                0x1fff0008        0x4 ./Generated_Code/heap.o
                0x1fff000c                . = ALIGN (0x4)
                0x1fff000c                _edata = .
                0x0000000c                ___data_size = (_edata - _sdata)

.igot.plt       0x1fff000c        0x0
 .igot.plt      0x00000000        0x0 ./Generated_Code/timers.o
                0x1fff000c                . = ALIGN (0x4)

.bss            0x1fff0010      0x93c
                0x1fff0010                __START_BSS = .
                0x1fff0010                PROVIDE (__bss_start__, __START_BSS)
 *(.bss)
 *(.bss*)
 .bss.pxCurrentTCB
                0x1fff0010        0x4 ./Generated_Code/tasks.o
                0x1fff0010                pxCurrentTCB
 .bss.pxReadyTasksLists
                0x1fff0014       0x78 ./Generated_Code/tasks.o
 .bss.xDelayedTaskList1
                0x1fff008c       0x14 ./Generated_Code/tasks.o
 .bss.xDelayedTaskList2
                0x1fff00a0       0x14 ./Generated_Code/tasks.o
 .bss.pxDelayedTaskList
                0x1fff00b4        0x4 ./Generated_Code/tasks.o
 .bss.pxOverflowDelayedTaskList
                0x1fff00b8        0x4 ./Generated_Code/tasks.o
 .bss.xPendingReadyList
                0x1fff00bc       0x14 ./Generated_Code/tasks.o
 .bss.xSuspendedTaskList
                0x1fff00d0       0x14 ./Generated_Code/tasks.o
 .bss.uxCurrentNumberOfTasks
                0x1fff00e4        0x4 ./Generated_Code/tasks.o
 .bss.xTickCount
                0x1fff00e8        0x4 ./Generated_Code/tasks.o
 .bss.uxTopUsedPriority
                0x1fff00ec        0x4 ./Generated_Code/tasks.o
 .bss.uxTopReadyPriority
                0x1fff00f0        0x4 ./Generated_Code/tasks.o
 .bss.xSchedulerRunning
                0x1fff00f4        0x4 ./Generated_Code/tasks.o
 .bss.uxSchedulerSuspended
                0x1fff00f8        0x4 ./Generated_Code/tasks.o
 .bss.uxMissedTicks
                0x1fff00fc        0x4 ./Generated_Code/tasks.o
 .bss.xMissedYield
                0x1fff0100        0x4 ./Generated_Code/tasks.o
 .bss.xNumOfOverflows
                0x1fff0104        0x4 ./Generated_Code/tasks.o
 .bss.uxTaskNumber
                0x1fff0108        0x4 ./Generated_Code/tasks.o
 .bss.RTOS_TickDevice
                0x1fff010c        0x4 ./Generated_Code/port.o
 .bss.xHeap     0x1fff0110      0x800 ./Generated_Code/heap.o
 .bss.xStart    0x1fff0910        0x8 ./Generated_Code/heap.o
 .bss.xEnd      0x1fff0918        0x8 ./Generated_Code/heap.o
 .bss.xHeapHasBeenInitialised.7074
                0x1fff0920        0x4 ./Generated_Code/heap.o
 .bss.INT_SysTick__BAREBOARD_RTOS_ISRPARAM
                0x1fff0924        0x4 ./Generated_Code/RTOSTICKLDD1.o
 .bss.PE_LDD_DeviceDataList
                0x1fff0928        0x4 ./Generated_Code/PE_LDD.o
                0x1fff0928                PE_LDD_DeviceDataList
 .bss.argv      0x1fff092c        0x4 ./Project_Settings/Startup_Code/__arm_start.o
 .bss.__stdio_exit
                0x1fff0930        0x4 C:/Freescale/CW MCU v10.7/MCU/ARM_GCC_Support/ewl/lib/armv7e-m/fpu\libc.a(exit.o)
                0x1fff0930                __stdio_exit
 .bss.__console_exit
                0x1fff0934        0x4 C:/Freescale/CW MCU v10.7/MCU/ARM_GCC_Support/ewl/lib/armv7e-m/fpu\libc.a(exit.o)
                0x1fff0934                __console_exit
 .bss.__global_destructor_chain
                0x1fff0938        0x4 C:/Freescale/CW MCU v10.7/MCU/ARM_GCC_Support/ewl/lib/armv7e-m/fpu\librt.a(__arm_eabi_init.o)
                0x1fff0938                __global_destructor_chain
 .bss.__S_romp  0x1fff093c        0xc C:/Freescale/CW MCU v10.7/MCU/ARM_GCC_Support/ewl/lib/armv7e-m/fpu\librt.a(ROMCopy.o)
 *(COMMON)
 COMMON         0x1fff0948        0x4 ./Sources/main.o
                0x1fff0948                vTaskAPointer
                0x1fff094c                . = ALIGN (0x4)
                0x1fff094c                __END_BSS = .
                0x1fff094c                PROVIDE (__bss_end__, __END_BSS)
                0x00000000                __S_romp = 0x0

._user_heap_stack
                0x1fff094c      0x400
                0x1fff094c                . = ALIGN (0x4)
                0x1fff094c                PROVIDE (end, .)
                0x1fff094c                PROVIDE (_end, .)
                0x1fff094c                __heap_addr = .
                0x1fff094c                . = (. + __heap_size)
                0x1fff0d4c                . = (. + __stack_size)
 *fill*         0x1fff094c      0x400 00
                0x1fff0d4c                . = ALIGN (0x4)

.ARM.attributes
                0x00000000       0x39
 *(.ARM.attributes)
 .ARM.attributes
                0x00000000       0x3b ./Generated_Code/tasks.o
 .ARM.attributes
                0x0000003b       0x3b ./Generated_Code/port.o
 .ARM.attributes
                0x00000076       0x3b ./Generated_Code/list.o
 .ARM.attributes
                0x000000b1       0x3b ./Generated_Code/heap.o
 .ARM.attributes
                0x000000ec       0x3b ./Generated_Code/RTOSTICKLDD1.o
 .ARM.attributes
                0x00000127       0x3b ./Generated_Code/PE_LDD.o
 .ARM.attributes
                0x00000162       0x3b ./Generated_Code/FRTOS1.o
 .ARM.attributes
                0x0000019d       0x3b ./Generated_Code/Cpu.o
 .ARM.attributes
                0x000001d8       0x3b ./Project_Settings/Startup_Code/__arm_start.o
 .ARM.attributes
                0x00000213       0x3b ./Project_Settings/Startup_Code/__arm_end.o
 .ARM.attributes
                0x0000024e       0x3b ./Sources/main.o
 .ARM.attributes
                0x00000289       0x3b ./Sources/Events.o
 .ARM.attributes
                0x000002c4       0x3b ./Static_Code/System/Vectors.o
 .ARM.attributes
                0x000002ff       0x3b ./Static_Code/System/CPU_Init.o
 .ARM.attributes
                0x0000033a       0x3b C:/Freescale/CW MCU v10.7/MCU/ARM_GCC_Support/ewl/lib/armv7e-m/fpu\libc.a(exit.o)
 .ARM.attributes
                0x00000375       0x3b C:/Freescale/CW MCU v10.7/MCU/ARM_GCC_Support/ewl/lib/armv7e-m/fpu\libc.a(strchr.o)
 .ARM.attributes
                0x000003b0       0x3b C:/Freescale/CW MCU v10.7/MCU/ARM_GCC_Support/ewl/lib/armv7e-m/fpu\libc.a(memset.o)
 .ARM.attributes
                0x000003eb       0x3b C:/Freescale/CW MCU v10.7/MCU/ARM_GCC_Support/ewl/lib/armv7e-m/fpu\libc.a(strncpy.o)
 .ARM.attributes
                0x00000426       0x3b C:/Freescale/CW MCU v10.7/MCU/ARM_GCC_Support/ewl/lib/armv7e-m/fpu\libc.a(__filll_mem.o)
 .ARM.attributes
                0x00000461       0x3b C:/Freescale/CW MCU v10.7/MCU/ARM_GCC_Support/ewl/lib/armv7e-m/fpu\libc.a(strlen.o)
 .ARM.attributes
                0x0000049c       0x3b C:/Freescale/CW MCU v10.7/MCU/ARM_GCC_Support/ewl/lib/armv7e-m/fpu\libc.a(printformat_.o)
 .ARM.attributes
                0x000004d7       0x3b C:/Freescale/CW MCU v10.7/MCU/ARM_GCC_Support/ewl/lib/armv7e-m/fpu\libc.a(scanformat_.o)
 .ARM.attributes
                0x00000512       0x3b C:/Freescale/CW MCU v10.7/MCU/ARM_GCC_Support/ewl/lib/armv7e-m/fpu\libc.a(ctype_aeabi.o)
 .ARM.attributes
                0x0000054d       0x3b C:/Freescale/CW MCU v10.7/MCU/ARM_GCC_Support/ewl/lib/armv7e-m/fpu\libc.a(__strtoul.o)
 .ARM.attributes
                0x00000588       0x3b C:/Freescale/CW MCU v10.7/MCU/ARM_GCC_Support/ewl/lib/armv7e-m/fpu\libc.a(memchr.o)
 .ARM.attributes
                0x000005c3       0x3b C:/Freescale/CW MCU v10.7/MCU/ARM_GCC_Support/ewl/lib/armv7e-m/fpu\librt.a(gcc_ctor_dtor.o)
 .ARM.attributes
                0x000005fe       0x3b C:/Freescale/CW MCU v10.7/MCU/ARM_GCC_Support/ewl/lib/armv7e-m/fpu\librt.a(__arm_eabi_init.o)
 .ARM.attributes
                0x00000639       0x3b C:/Freescale/CW MCU v10.7/MCU/ARM_GCC_Support/ewl/lib/armv7e-m/fpu\librt.a(ROMCopy.o)
OUTPUT(FreeRTOSExample2.elf elf32-littlearm)

.debug_info     0x00000000     0x5146
 .debug_info    0x00000000      0xd74 ./Generated_Code/tasks.o
 .debug_info    0x00000d74      0x1de ./Generated_Code/port.o
 .debug_info    0x00000f52      0x2a2 ./Generated_Code/list.o
 .debug_info    0x000011f4      0x2c1 ./Generated_Code/heap.o
 .debug_info    0x000014b5      0x451 ./Generated_Code/RTOSTICKLDD1.o
 .debug_info    0x00001906      0x255 ./Generated_Code/PE_LDD.o
 .debug_info    0x00001b5b       0xae ./Generated_Code/FRTOS1.o
 .debug_info    0x00001c09       0xa7 ./Generated_Code/Cpu.o
 .debug_info    0x00001cb0      0x12a ./Project_Settings/Startup_Code/__arm_start.o
 .debug_info    0x00001dda       0x54 ./Project_Settings/Startup_Code/__arm_end.o
 .debug_info    0x00001e2e      0x10f ./Sources/main.o
 .debug_info    0x00001f3d      0x120 ./Sources/Events.o
 .debug_info    0x0000205d      0x9aa ./Static_Code/System/Vectors.o
 .debug_info    0x00002a07      0xb1e ./Static_Code/System/CPU_Init.o
 .debug_info    0x00003525       0xe8 C:/Freescale/CW MCU v10.7/MCU/ARM_GCC_Support/ewl/lib/armv7e-m/fpu\libc.a(exit.o)
 .debug_info    0x0000360d      0x108 C:/Freescale/CW MCU v10.7/MCU/ARM_GCC_Support/ewl/lib/armv7e-m/fpu\libc.a(strchr.o)
 .debug_info    0x00003715       0xec C:/Freescale/CW MCU v10.7/MCU/ARM_GCC_Support/ewl/lib/armv7e-m/fpu\libc.a(memset.o)
 .debug_info    0x00003801      0x108 C:/Freescale/CW MCU v10.7/MCU/ARM_GCC_Support/ewl/lib/armv7e-m/fpu\libc.a(strncpy.o)
 .debug_info    0x00003909      0x135 C:/Freescale/CW MCU v10.7/MCU/ARM_GCC_Support/ewl/lib/armv7e-m/fpu\libc.a(__filll_mem.o)
 .debug_info    0x00003a3e       0xeb C:/Freescale/CW MCU v10.7/MCU/ARM_GCC_Support/ewl/lib/armv7e-m/fpu\libc.a(strlen.o)
 .debug_info    0x00003b29      0x50e C:/Freescale/CW MCU v10.7/MCU/ARM_GCC_Support/ewl/lib/armv7e-m/fpu\libc.a(printformat_.o)
 .debug_info    0x00004037      0x565 C:/Freescale/CW MCU v10.7/MCU/ARM_GCC_Support/ewl/lib/armv7e-m/fpu\libc.a(scanformat_.o)
 .debug_info    0x0000459c      0x306 C:/Freescale/CW MCU v10.7/MCU/ARM_GCC_Support/ewl/lib/armv7e-m/fpu\libc.a(ctype_aeabi.o)
 .debug_info    0x000048a2      0x1d6 C:/Freescale/CW MCU v10.7/MCU/ARM_GCC_Support/ewl/lib/armv7e-m/fpu\libc.a(__strtoul.o)
 .debug_info    0x00004a78      0x120 C:/Freescale/CW MCU v10.7/MCU/ARM_GCC_Support/ewl/lib/armv7e-m/fpu\libc.a(memchr.o)
 .debug_info    0x00004b98      0x136 C:/Freescale/CW MCU v10.7/MCU/ARM_GCC_Support/ewl/lib/armv7e-m/fpu\librt.a(gcc_ctor_dtor.o)
 .debug_info    0x00004cce      0x2de C:/Freescale/CW MCU v10.7/MCU/ARM_GCC_Support/ewl/lib/armv7e-m/fpu\librt.a(__arm_eabi_init.o)
 .debug_info    0x00004fac      0x19a C:/Freescale/CW MCU v10.7/MCU/ARM_GCC_Support/ewl/lib/armv7e-m/fpu\librt.a(ROMCopy.o)

.debug_abbrev   0x00000000     0x184e
 .debug_abbrev  0x00000000      0x180 ./Generated_Code/tasks.o
 .debug_abbrev  0x00000180      0x102 ./Generated_Code/port.o
 .debug_abbrev  0x00000282       0xb4 ./Generated_Code/list.o
 .debug_abbrev  0x00000336      0x15a ./Generated_Code/heap.o
 .debug_abbrev  0x00000490      0x182 ./Generated_Code/RTOSTICKLDD1.o
 .debug_abbrev  0x00000612      0x102 ./Generated_Code/PE_LDD.o
 .debug_abbrev  0x00000714       0x60 ./Generated_Code/FRTOS1.o
 .debug_abbrev  0x00000774       0x3d ./Generated_Code/Cpu.o
 .debug_abbrev  0x000007b1       0x92 ./Project_Settings/Startup_Code/__arm_start.o
 .debug_abbrev  0x00000843       0x4c ./Project_Settings/Startup_Code/__arm_end.o
 .debug_abbrev  0x0000088f       0x97 ./Sources/main.o
 .debug_abbrev  0x00000926       0x80 ./Sources/Events.o
 .debug_abbrev  0x000009a6       0xcb ./Static_Code/System/Vectors.o
 .debug_abbrev  0x00000a71      0x177 ./Static_Code/System/CPU_Init.o
 .debug_abbrev  0x00000be8       0x7a C:/Freescale/CW MCU v10.7/MCU/ARM_GCC_Support/ewl/lib/armv7e-m/fpu\libc.a(exit.o)
 .debug_abbrev  0x00000c62       0x89 C:/Freescale/CW MCU v10.7/MCU/ARM_GCC_Support/ewl/lib/armv7e-m/fpu\libc.a(strchr.o)
 .debug_abbrev  0x00000ceb       0x62 C:/Freescale/CW MCU v10.7/MCU/ARM_GCC_Support/ewl/lib/armv7e-m/fpu\libc.a(memset.o)
 .debug_abbrev  0x00000d4d       0x89 C:/Freescale/CW MCU v10.7/MCU/ARM_GCC_Support/ewl/lib/armv7e-m/fpu\libc.a(strncpy.o)
 .debug_abbrev  0x00000dd6       0x87 C:/Freescale/CW MCU v10.7/MCU/ARM_GCC_Support/ewl/lib/armv7e-m/fpu\libc.a(__filll_mem.o)
 .debug_abbrev  0x00000e5d       0x7a C:/Freescale/CW MCU v10.7/MCU/ARM_GCC_Support/ewl/lib/armv7e-m/fpu\libc.a(strlen.o)
 .debug_abbrev  0x00000ed7      0x200 C:/Freescale/CW MCU v10.7/MCU/ARM_GCC_Support/ewl/lib/armv7e-m/fpu\libc.a(printformat_.o)
 .debug_abbrev  0x000010d7      0x1f0 C:/Freescale/CW MCU v10.7/MCU/ARM_GCC_Support/ewl/lib/armv7e-m/fpu\libc.a(scanformat_.o)
 .debug_abbrev  0x000012c7       0x85 C:/Freescale/CW MCU v10.7/MCU/ARM_GCC_Support/ewl/lib/armv7e-m/fpu\libc.a(ctype_aeabi.o)
 .debug_abbrev  0x0000134c       0xc2 C:/Freescale/CW MCU v10.7/MCU/ARM_GCC_Support/ewl/lib/armv7e-m/fpu\libc.a(__strtoul.o)
 .debug_abbrev  0x0000140e       0x95 C:/Freescale/CW MCU v10.7/MCU/ARM_GCC_Support/ewl/lib/armv7e-m/fpu\libc.a(memchr.o)
 .debug_abbrev  0x000014a3       0x99 C:/Freescale/CW MCU v10.7/MCU/ARM_GCC_Support/ewl/lib/armv7e-m/fpu\librt.a(gcc_ctor_dtor.o)
 .debug_abbrev  0x0000153c      0x1db C:/Freescale/CW MCU v10.7/MCU/ARM_GCC_Support/ewl/lib/armv7e-m/fpu\librt.a(__arm_eabi_init.o)
 .debug_abbrev  0x00001717      0x137 C:/Freescale/CW MCU v10.7/MCU/ARM_GCC_Support/ewl/lib/armv7e-m/fpu\librt.a(ROMCopy.o)

.debug_loc      0x00000000     0x3f79
 .debug_loc     0x00000000      0x740 ./Generated_Code/tasks.o
 .debug_loc     0x00000740      0x140 ./Generated_Code/port.o
 .debug_loc     0x00000880      0x118 ./Generated_Code/list.o
 .debug_loc     0x00000998       0xc8 ./Generated_Code/heap.o
 .debug_loc     0x00000a60      0x150 ./Generated_Code/RTOSTICKLDD1.o
 .debug_loc     0x00000bb0       0x9c ./Generated_Code/PE_LDD.o
 .debug_loc     0x00000c4c       0x58 ./Generated_Code/Cpu.o
 .debug_loc     0x00000ca4       0x2c ./Project_Settings/Startup_Code/__arm_start.o
 .debug_loc     0x00000cd0       0x38 ./Project_Settings/Startup_Code/__arm_end.o
 .debug_loc     0x00000d08       0x70 ./Sources/main.o
 .debug_loc     0x00000d78       0xe8 ./Sources/Events.o
 .debug_loc     0x00000e60     0x115c ./Static_Code/System/Vectors.o
 .debug_loc     0x00001fbc       0xf4 ./Static_Code/System/CPU_Init.o
 .debug_loc     0x000020b0       0x3e C:/Freescale/CW MCU v10.7/MCU/ARM_GCC_Support/ewl/lib/armv7e-m/fpu\libc.a(exit.o)
 .debug_loc     0x000020ee       0x7c C:/Freescale/CW MCU v10.7/MCU/ARM_GCC_Support/ewl/lib/armv7e-m/fpu\libc.a(strchr.o)
 .debug_loc     0x0000216a       0x64 C:/Freescale/CW MCU v10.7/MCU/ARM_GCC_Support/ewl/lib/armv7e-m/fpu\libc.a(memset.o)
 .debug_loc     0x000021ce       0x82 C:/Freescale/CW MCU v10.7/MCU/ARM_GCC_Support/ewl/lib/armv7e-m/fpu\libc.a(strncpy.o)
 .debug_loc     0x00002250      0x12c C:/Freescale/CW MCU v10.7/MCU/ARM_GCC_Support/ewl/lib/armv7e-m/fpu\libc.a(__filll_mem.o)
 .debug_loc     0x0000237c       0x26 C:/Freescale/CW MCU v10.7/MCU/ARM_GCC_Support/ewl/lib/armv7e-m/fpu\libc.a(strlen.o)
 .debug_loc     0x000023a2      0xbdc C:/Freescale/CW MCU v10.7/MCU/ARM_GCC_Support/ewl/lib/armv7e-m/fpu\libc.a(printformat_.o)
 .debug_loc     0x00002f7e      0x8b6 C:/Freescale/CW MCU v10.7/MCU/ARM_GCC_Support/ewl/lib/armv7e-m/fpu\libc.a(scanformat_.o)
 .debug_loc     0x00003834      0x18e C:/Freescale/CW MCU v10.7/MCU/ARM_GCC_Support/ewl/lib/armv7e-m/fpu\libc.a(ctype_aeabi.o)
 .debug_loc     0x000039c2      0x2bb C:/Freescale/CW MCU v10.7/MCU/ARM_GCC_Support/ewl/lib/armv7e-m/fpu\libc.a(__strtoul.o)
 .debug_loc     0x00003c7d       0x62 C:/Freescale/CW MCU v10.7/MCU/ARM_GCC_Support/ewl/lib/armv7e-m/fpu\libc.a(memchr.o)
 .debug_loc     0x00003cdf       0x9d C:/Freescale/CW MCU v10.7/MCU/ARM_GCC_Support/ewl/lib/armv7e-m/fpu\librt.a(gcc_ctor_dtor.o)
 .debug_loc     0x00003d7c      0x144 C:/Freescale/CW MCU v10.7/MCU/ARM_GCC_Support/ewl/lib/armv7e-m/fpu\librt.a(__arm_eabi_init.o)
 .debug_loc     0x00003ec0       0xb9 C:/Freescale/CW MCU v10.7/MCU/ARM_GCC_Support/ewl/lib/armv7e-m/fpu\librt.a(ROMCopy.o)

.debug_aranges  0x00000000      0x988
 .debug_aranges
                0x00000000      0x128 ./Generated_Code/tasks.o
 .debug_aranges
                0x00000128       0x68 ./Generated_Code/port.o
 .debug_aranges
                0x00000190       0x40 ./Generated_Code/list.o
 .debug_aranges
                0x000001d0       0x38 ./Generated_Code/heap.o
 .debug_aranges
                0x00000208       0x48 ./Generated_Code/RTOSTICKLDD1.o
 .debug_aranges
                0x00000250       0x30 ./Generated_Code/PE_LDD.o
 .debug_aranges
                0x00000280       0x20 ./Generated_Code/FRTOS1.o
 .debug_aranges
                0x000002a0       0x28 ./Generated_Code/Cpu.o
 .debug_aranges
                0x000002c8       0x30 ./Project_Settings/Startup_Code/__arm_start.o
 .debug_aranges
                0x000002f8       0x20 ./Project_Settings/Startup_Code/__arm_end.o
 .debug_aranges
                0x00000318       0x28 ./Sources/main.o
 .debug_aranges
                0x00000340       0x40 ./Sources/Events.o
 .debug_aranges
                0x00000380      0x340 ./Static_Code/System/Vectors.o
 .debug_aranges
                0x000006c0       0x40 ./Static_Code/System/CPU_Init.o
 .debug_aranges
                0x00000700       0x20 C:/Freescale/CW MCU v10.7/MCU/ARM_GCC_Support/ewl/lib/armv7e-m/fpu\libc.a(exit.o)
 .debug_aranges
                0x00000720       0x20 C:/Freescale/CW MCU v10.7/MCU/ARM_GCC_Support/ewl/lib/armv7e-m/fpu\libc.a(strchr.o)
 .debug_aranges
                0x00000740       0x20 C:/Freescale/CW MCU v10.7/MCU/ARM_GCC_Support/ewl/lib/armv7e-m/fpu\libc.a(memset.o)
 .debug_aranges
                0x00000760       0x20 C:/Freescale/CW MCU v10.7/MCU/ARM_GCC_Support/ewl/lib/armv7e-m/fpu\libc.a(strncpy.o)
 .debug_aranges
                0x00000780       0x20 C:/Freescale/CW MCU v10.7/MCU/ARM_GCC_Support/ewl/lib/armv7e-m/fpu\libc.a(__filll_mem.o)
 .debug_aranges
                0x000007a0       0x20 C:/Freescale/CW MCU v10.7/MCU/ARM_GCC_Support/ewl/lib/armv7e-m/fpu\libc.a(strlen.o)
 .debug_aranges
                0x000007c0       0x28 C:/Freescale/CW MCU v10.7/MCU/ARM_GCC_Support/ewl/lib/armv7e-m/fpu\libc.a(printformat_.o)
 .debug_aranges
                0x000007e8       0x20 C:/Freescale/CW MCU v10.7/MCU/ARM_GCC_Support/ewl/lib/armv7e-m/fpu\libc.a(scanformat_.o)
 .debug_aranges
                0x00000808       0x88 C:/Freescale/CW MCU v10.7/MCU/ARM_GCC_Support/ewl/lib/armv7e-m/fpu\libc.a(ctype_aeabi.o)
 .debug_aranges
                0x00000890       0x20 C:/Freescale/CW MCU v10.7/MCU/ARM_GCC_Support/ewl/lib/armv7e-m/fpu\libc.a(__strtoul.o)
 .debug_aranges
                0x000008b0       0x20 C:/Freescale/CW MCU v10.7/MCU/ARM_GCC_Support/ewl/lib/armv7e-m/fpu\libc.a(memchr.o)
 .debug_aranges
                0x000008d0       0x28 C:/Freescale/CW MCU v10.7/MCU/ARM_GCC_Support/ewl/lib/armv7e-m/fpu\librt.a(gcc_ctor_dtor.o)
 .debug_aranges
                0x000008f8       0x60 C:/Freescale/CW MCU v10.7/MCU/ARM_GCC_Support/ewl/lib/armv7e-m/fpu\librt.a(__arm_eabi_init.o)
 .debug_aranges
                0x00000958       0x30 C:/Freescale/CW MCU v10.7/MCU/ARM_GCC_Support/ewl/lib/armv7e-m/fpu\librt.a(ROMCopy.o)

.debug_macinfo  0x00000000   0x61969d
 .debug_macinfo
                0x00000000    0x780cc ./Generated_Code/tasks.o
 .debug_macinfo
                0x000780cc    0x750e2 ./Generated_Code/port.o
 .debug_macinfo
                0x000ed1ae     0x5aba ./Generated_Code/list.o
 .debug_macinfo
                0x000f2c68    0x77387 ./Generated_Code/heap.o
 .debug_macinfo
                0x00169fef    0x76f4a ./Generated_Code/RTOSTICKLDD1.o
 .debug_macinfo
                0x001e0f39    0x76f39 ./Generated_Code/PE_LDD.o
 .debug_macinfo
                0x00257e72    0x77090 ./Generated_Code/FRTOS1.o
 .debug_macinfo
                0x002cef02    0x76f78 ./Generated_Code/Cpu.o
 .debug_macinfo
                0x00345e7a     0x3f41 ./Project_Settings/Startup_Code/__arm_start.o
 .debug_macinfo
                0x00349dbb     0x352a ./Project_Settings/Startup_Code/__arm_end.o
 .debug_macinfo
                0x0034d2e5    0xee16d ./Sources/main.o
 .debug_macinfo
                0x0043b452    0xee16d ./Sources/Events.o
 .debug_macinfo
                0x005295bf    0x7805d ./Static_Code/System/Vectors.o
 .debug_macinfo
                0x005a161c    0x78081 ./Static_Code/System/CPU_Init.o

.debug_line     0x00000000     0x5df4
 .debug_line    0x00000000      0xa02 ./Generated_Code/tasks.o
 .debug_line    0x00000a02      0x50d ./Generated_Code/port.o
 .debug_line    0x00000f0f      0x2c0 ./Generated_Code/list.o
 .debug_line    0x000011cf      0x569 ./Generated_Code/heap.o
 .debug_line    0x00001738      0x4db ./Generated_Code/RTOSTICKLDD1.o
 .debug_line    0x00001c13      0x4cf ./Generated_Code/PE_LDD.o
 .debug_line    0x000020e2      0x4f3 ./Generated_Code/FRTOS1.o
 .debug_line    0x000025d5      0x553 ./Generated_Code/Cpu.o
 .debug_line    0x00002b28      0x29e ./Project_Settings/Startup_Code/__arm_start.o
 .debug_line    0x00002dc6      0x265 ./Project_Settings/Startup_Code/__arm_end.o
 .debug_line    0x0000302b      0x68b ./Sources/main.o
 .debug_line    0x000036b6      0x6ba ./Sources/Events.o
 .debug_line    0x00003d70      0xbd2 ./Static_Code/System/Vectors.o
 .debug_line    0x00004942      0x5f8 ./Static_Code/System/CPU_Init.o
 .debug_line    0x00004f3a       0x94 C:/Freescale/CW MCU v10.7/MCU/ARM_GCC_Support/ewl/lib/armv7e-m/fpu\libc.a(exit.o)
 .debug_line    0x00004fce       0x7d C:/Freescale/CW MCU v10.7/MCU/ARM_GCC_Support/ewl/lib/armv7e-m/fpu\libc.a(strchr.o)
 .debug_line    0x0000504b       0x8f C:/Freescale/CW MCU v10.7/MCU/ARM_GCC_Support/ewl/lib/armv7e-m/fpu\libc.a(memset.o)
 .debug_line    0x000050da       0x9f C:/Freescale/CW MCU v10.7/MCU/ARM_GCC_Support/ewl/lib/armv7e-m/fpu\libc.a(strncpy.o)
 .debug_line    0x00005179       0xcd C:/Freescale/CW MCU v10.7/MCU/ARM_GCC_Support/ewl/lib/armv7e-m/fpu\libc.a(__filll_mem.o)
 .debug_line    0x00005246       0x83 C:/Freescale/CW MCU v10.7/MCU/ARM_GCC_Support/ewl/lib/armv7e-m/fpu\libc.a(strlen.o)
 .debug_line    0x000052c9      0x2b4 C:/Freescale/CW MCU v10.7/MCU/ARM_GCC_Support/ewl/lib/armv7e-m/fpu\libc.a(printformat_.o)
 .debug_line    0x0000557d      0x2df C:/Freescale/CW MCU v10.7/MCU/ARM_GCC_Support/ewl/lib/armv7e-m/fpu\libc.a(scanformat_.o)
 .debug_line    0x0000585c      0x1a9 C:/Freescale/CW MCU v10.7/MCU/ARM_GCC_Support/ewl/lib/armv7e-m/fpu\libc.a(ctype_aeabi.o)
 .debug_line    0x00005a05      0x11b C:/Freescale/CW MCU v10.7/MCU/ARM_GCC_Support/ewl/lib/armv7e-m/fpu\libc.a(__strtoul.o)
 .debug_line    0x00005b20       0x9f C:/Freescale/CW MCU v10.7/MCU/ARM_GCC_Support/ewl/lib/armv7e-m/fpu\libc.a(memchr.o)
 .debug_line    0x00005bbf       0x67 C:/Freescale/CW MCU v10.7/MCU/ARM_GCC_Support/ewl/lib/armv7e-m/fpu\librt.a(gcc_ctor_dtor.o)
 .debug_line    0x00005c26      0x125 C:/Freescale/CW MCU v10.7/MCU/ARM_GCC_Support/ewl/lib/armv7e-m/fpu\librt.a(__arm_eabi_init.o)
 .debug_line    0x00005d4b       0xa9 C:/Freescale/CW MCU v10.7/MCU/ARM_GCC_Support/ewl/lib/armv7e-m/fpu\librt.a(ROMCopy.o)

.debug_str      0x00000000     0x2843
 .debug_str     0x00000000      0x85e ./Generated_Code/tasks.o
                                0x8b8 (size before relaxing)
 .debug_str     0x0000085e      0x112 ./Generated_Code/port.o
                                0x252 (size before relaxing)
 .debug_str     0x00000970       0xac ./Generated_Code/list.o
                                0x255 (size before relaxing)
 .debug_str     0x00000a1c      0x149 ./Generated_Code/heap.o
                                0x27c (size before relaxing)
 .debug_str     0x00000b65      0x233 ./Generated_Code/RTOSTICKLDD1.o
                                0x36b (size before relaxing)
 .debug_str     0x00000d98      0x177 ./Generated_Code/PE_LDD.o
                                0x2db (size before relaxing)
 .debug_str     0x00000f0f       0x39 ./Generated_Code/FRTOS1.o
                                0x16d (size before relaxing)
 .debug_str     0x00000f48       0x3d ./Generated_Code/Cpu.o
                                0x157 (size before relaxing)
 .debug_str     0x00000f85       0x85 ./Project_Settings/Startup_Code/__arm_start.o
                                0x199 (size before relaxing)
 .debug_str     0x0000100a       0x41 ./Project_Settings/Startup_Code/__arm_end.o
                                 0xd0 (size before relaxing)
 .debug_str     0x0000104b       0x3e ./Sources/main.o
                                0x15f (size before relaxing)
 .debug_str     0x00001089       0x9f ./Sources/Events.o
                                0x1d7 (size before relaxing)
 .debug_str     0x00001128      0xa0e ./Static_Code/System/Vectors.o
                                0xb01 (size before relaxing)
 .debug_str     0x00001b36      0x495 ./Static_Code/System/CPU_Init.o
                                0x692 (size before relaxing)
 .debug_str     0x00001fcb       0x54 C:/Freescale/CW MCU v10.7/MCU/ARM_GCC_Support/ewl/lib/armv7e-m/fpu\libc.a(exit.o)
                                0x157 (size before relaxing)
 .debug_str     0x0000201f       0x1c C:/Freescale/CW MCU v10.7/MCU/ARM_GCC_Support/ewl/lib/armv7e-m/fpu\libc.a(strchr.o)
                                0x137 (size before relaxing)
 .debug_str     0x0000203b       0x1c C:/Freescale/CW MCU v10.7/MCU/ARM_GCC_Support/ewl/lib/armv7e-m/fpu\libc.a(memset.o)
                                0x140 (size before relaxing)
 .debug_str     0x00002057       0x1e C:/Freescale/CW MCU v10.7/MCU/ARM_GCC_Support/ewl/lib/armv7e-m/fpu\libc.a(strncpy.o)
                                0x13a (size before relaxing)
 .debug_str     0x00002075       0x2d C:/Freescale/CW MCU v10.7/MCU/ARM_GCC_Support/ewl/lib/armv7e-m/fpu\libc.a(__filll_mem.o)
                                0x152 (size before relaxing)
 .debug_str     0x000020a2       0x1c C:/Freescale/CW MCU v10.7/MCU/ARM_GCC_Support/ewl/lib/armv7e-m/fpu\libc.a(strlen.o)
                                0x140 (size before relaxing)
 .debug_str     0x000020be      0x233 C:/Freescale/CW MCU v10.7/MCU/ARM_GCC_Support/ewl/lib/armv7e-m/fpu\libc.a(printformat_.o)
                                0x3b3 (size before relaxing)
 .debug_str     0x000022f1      0x184 C:/Freescale/CW MCU v10.7/MCU/ARM_GCC_Support/ewl/lib/armv7e-m/fpu\libc.a(scanformat_.o)
                                0x3f9 (size before relaxing)
 .debug_str     0x00002475       0x9d C:/Freescale/CW MCU v10.7/MCU/ARM_GCC_Support/ewl/lib/armv7e-m/fpu\libc.a(ctype_aeabi.o)
                                0x1bc (size before relaxing)
 .debug_str     0x00002512       0x5b C:/Freescale/CW MCU v10.7/MCU/ARM_GCC_Support/ewl/lib/armv7e-m/fpu\libc.a(__strtoul.o)
                                0x1fb (size before relaxing)
 .debug_str     0x0000256d       0x1c C:/Freescale/CW MCU v10.7/MCU/ARM_GCC_Support/ewl/lib/armv7e-m/fpu\libc.a(memchr.o)
                                0x148 (size before relaxing)
 .debug_str     0x00002589      0x126 C:/Freescale/CW MCU v10.7/MCU/ARM_GCC_Support/ewl/lib/armv7e-m/fpu\librt.a(gcc_ctor_dtor.o)
                                0x181 (size before relaxing)
 .debug_str     0x000026af       0xf8 C:/Freescale/CW MCU v10.7/MCU/ARM_GCC_Support/ewl/lib/armv7e-m/fpu\librt.a(__arm_eabi_init.o)
                                0x1bf (size before relaxing)
 .debug_str     0x000027a7       0x9c C:/Freescale/CW MCU v10.7/MCU/ARM_GCC_Support/ewl/lib/armv7e-m/fpu\librt.a(ROMCopy.o)
                                0x13c (size before relaxing)

.comment        0x00000000       0x79
 .comment       0x00000000       0x79 ./Generated_Code/tasks.o
                                 0x7a (size before relaxing)
 .comment       0x00000000       0x7a ./Generated_Code/port.o
 .comment       0x00000000       0x7a ./Generated_Code/list.o
 .comment       0x00000000       0x7a ./Generated_Code/heap.o
 .comment       0x00000000       0x7a ./Generated_Code/RTOSTICKLDD1.o
 .comment       0x00000000       0x7a ./Generated_Code/PE_LDD.o
 .comment       0x00000000       0x7a ./Generated_Code/FRTOS1.o
 .comment       0x00000000       0x7a ./Generated_Code/Cpu.o
 .comment       0x00000000       0x7a ./Project_Settings/Startup_Code/__arm_start.o
 .comment       0x00000000       0x7a ./Project_Settings/Startup_Code/__arm_end.o
 .comment       0x00000000       0x7a ./Sources/main.o
 .comment       0x00000000       0x7a ./Sources/Events.o
 .comment       0x00000000       0x7a ./Static_Code/System/Vectors.o
 .comment       0x00000000       0x7a ./Static_Code/System/CPU_Init.o
 .comment       0x00000000       0x7a C:/Freescale/CW MCU v10.7/MCU/ARM_GCC_Support/ewl/lib/armv7e-m/fpu\libc.a(exit.o)
 .comment       0x00000000       0x7a C:/Freescale/CW MCU v10.7/MCU/ARM_GCC_Support/ewl/lib/armv7e-m/fpu\libc.a(strchr.o)
 .comment       0x00000000       0x7a C:/Freescale/CW MCU v10.7/MCU/ARM_GCC_Support/ewl/lib/armv7e-m/fpu\libc.a(memset.o)
 .comment       0x00000000       0x7a C:/Freescale/CW MCU v10.7/MCU/ARM_GCC_Support/ewl/lib/armv7e-m/fpu\libc.a(strncpy.o)
 .comment       0x00000000       0x7a C:/Freescale/CW MCU v10.7/MCU/ARM_GCC_Support/ewl/lib/armv7e-m/fpu\libc.a(__filll_mem.o)
 .comment       0x00000000       0x7a C:/Freescale/CW MCU v10.7/MCU/ARM_GCC_Support/ewl/lib/armv7e-m/fpu\libc.a(strlen.o)
 .comment       0x00000000       0x7a C:/Freescale/CW MCU v10.7/MCU/ARM_GCC_Support/ewl/lib/armv7e-m/fpu\libc.a(printformat_.o)
 .comment       0x00000000       0x7a C:/Freescale/CW MCU v10.7/MCU/ARM_GCC_Support/ewl/lib/armv7e-m/fpu\libc.a(scanformat_.o)
 .comment       0x00000000       0x7a C:/Freescale/CW MCU v10.7/MCU/ARM_GCC_Support/ewl/lib/armv7e-m/fpu\libc.a(ctype_aeabi.o)
 .comment       0x00000000       0x7a C:/Freescale/CW MCU v10.7/MCU/ARM_GCC_Support/ewl/lib/armv7e-m/fpu\libc.a(__strtoul.o)
 .comment       0x00000000       0x7a C:/Freescale/CW MCU v10.7/MCU/ARM_GCC_Support/ewl/lib/armv7e-m/fpu\libc.a(memchr.o)
 .comment       0x00000000       0x7a C:/Freescale/CW MCU v10.7/MCU/ARM_GCC_Support/ewl/lib/armv7e-m/fpu\librt.a(gcc_ctor_dtor.o)
 .comment       0x00000000       0x7a C:/Freescale/CW MCU v10.7/MCU/ARM_GCC_Support/ewl/lib/armv7e-m/fpu\librt.a(__arm_eabi_init.o)
 .comment       0x00000000       0x7a C:/Freescale/CW MCU v10.7/MCU/ARM_GCC_Support/ewl/lib/armv7e-m/fpu\librt.a(ROMCopy.o)

.debug_frame    0x00000000     0x1a78
 .debug_frame   0x00000000      0x41c ./Generated_Code/tasks.o
 .debug_frame   0x0000041c       0xf4 ./Generated_Code/port.o
 .debug_frame   0x00000510       0x9c ./Generated_Code/list.o
 .debug_frame   0x000005ac       0x80 ./Generated_Code/heap.o
 .debug_frame   0x0000062c       0xc8 ./Generated_Code/RTOSTICKLDD1.o
 .debug_frame   0x000006f4       0x64 ./Generated_Code/PE_LDD.o
 .debug_frame   0x00000758       0x20 ./Generated_Code/FRTOS1.o
 .debug_frame   0x00000778       0x4c ./Generated_Code/Cpu.o
 .debug_frame   0x000007c4       0x4c ./Project_Settings/Startup_Code/__arm_start.o
 .debug_frame   0x00000810       0x2c ./Project_Settings/Startup_Code/__arm_end.o
 .debug_frame   0x0000083c       0x4c ./Sources/main.o
 .debug_frame   0x00000888       0x8c ./Sources/Events.o
 .debug_frame   0x00000914      0xcb0 ./Static_Code/System/Vectors.o
 .debug_frame   0x000015c4       0x9c ./Static_Code/System/CPU_Init.o
 .debug_frame   0x00001660       0x28 C:/Freescale/CW MCU v10.7/MCU/ARM_GCC_Support/ewl/lib/armv7e-m/fpu\libc.a(exit.o)
 .debug_frame   0x00001688       0x20 C:/Freescale/CW MCU v10.7/MCU/ARM_GCC_Support/ewl/lib/armv7e-m/fpu\libc.a(strchr.o)
 .debug_frame   0x000016a8       0x28 C:/Freescale/CW MCU v10.7/MCU/ARM_GCC_Support/ewl/lib/armv7e-m/fpu\libc.a(memset.o)
 .debug_frame   0x000016d0       0x2c C:/Freescale/CW MCU v10.7/MCU/ARM_GCC_Support/ewl/lib/armv7e-m/fpu\libc.a(strncpy.o)
 .debug_frame   0x000016fc       0x2c C:/Freescale/CW MCU v10.7/MCU/ARM_GCC_Support/ewl/lib/armv7e-m/fpu\libc.a(__filll_mem.o)
 .debug_frame   0x00001728       0x20 C:/Freescale/CW MCU v10.7/MCU/ARM_GCC_Support/ewl/lib/armv7e-m/fpu\libc.a(strlen.o)
 .debug_frame   0x00001748       0x64 C:/Freescale/CW MCU v10.7/MCU/ARM_GCC_Support/ewl/lib/armv7e-m/fpu\libc.a(printformat_.o)
 .debug_frame   0x000017ac       0x3c C:/Freescale/CW MCU v10.7/MCU/ARM_GCC_Support/ewl/lib/armv7e-m/fpu\libc.a(scanformat_.o)
 .debug_frame   0x000017e8       0xf0 C:/Freescale/CW MCU v10.7/MCU/ARM_GCC_Support/ewl/lib/armv7e-m/fpu\libc.a(ctype_aeabi.o)
 .debug_frame   0x000018d8       0x3c C:/Freescale/CW MCU v10.7/MCU/ARM_GCC_Support/ewl/lib/armv7e-m/fpu\libc.a(__strtoul.o)
 .debug_frame   0x00001914       0x20 C:/Freescale/CW MCU v10.7/MCU/ARM_GCC_Support/ewl/lib/armv7e-m/fpu\libc.a(memchr.o)
 .debug_frame   0x00001934       0x40 C:/Freescale/CW MCU v10.7/MCU/ARM_GCC_Support/ewl/lib/armv7e-m/fpu\librt.a(gcc_ctor_dtor.o)
 .debug_frame   0x00001974       0xbc C:/Freescale/CW MCU v10.7/MCU/ARM_GCC_Support/ewl/lib/armv7e-m/fpu\librt.a(__arm_eabi_init.o)
 .debug_frame   0x00001a30       0x48 C:/Freescale/CW MCU v10.7/MCU/ARM_GCC_Support/ewl/lib/armv7e-m/fpu\librt.a(ROMCopy.o)
